Archive member included because of file (symbol)

cpu/arm920t/libarm920t.a(interrupts.o)
                              cpu/arm920t/start.o (do_undefined_instruction)
cpu/arm920t/s3c24x0/libs3c24x0.a(interrupts.o)
                              cpu/arm920t/libarm920t.a(interrupts.o) (reset_cpu)
cpu/arm920t/s3c24x0/libs3c24x0.a(speed.o)
                              cpu/arm920t/s3c24x0/libs3c24x0.a(interrupts.o) (get_PCLK)
lib_arm/libarm.a(_udivsi3.o)  cpu/arm920t/s3c24x0/libs3c24x0.a(interrupts.o) (__udivsi3)
lib_arm/libarm.a(board.o)     cpu/arm920t/s3c24x0/libs3c24x0.a(speed.o) (hang)
lib_arm/libarm.a(boot_zImage.o)
                              (__u_boot_cmd_boot_noos)
lib_arm/libarm.a(div0.o)      lib_arm/libarm.a(_udivsi3.o) (__div0)
net/libnet.a(net.o)           lib_arm/libarm.a(board.o) (copy_filename)
net/libnet.a(tftp.o)          net/libnet.a(net.o) (TftpStart)
net/libnet.a(bootp.o)         net/libnet.a(net.o) (BootpRequest)
net/libnet.a(rarp.o)          net/libnet.a(net.o) (RarpRequest)
net/libnet.a(eth.o)           lib_arm/libarm.a(board.o) (eth_initialize)
drivers/libdrivers.a(dm9000x.o)
                              net/libnet.a(net.o) (eth_init)
drivers/nand/libnand.a(nand.o)
                              lib_arm/libarm.a(board.o) (nand_init)
drivers/nand/libnand.a(nand_base.o)
                              drivers/nand/libnand.a(nand.o) (nand_scan)
drivers/nand/libnand.a(nand_ids.o)
                              drivers/nand/libnand.a(nand_base.o) (nand_manuf_ids)
drivers/nand/libnand.a(nand_ecc.o)
                              drivers/nand/libnand.a(nand_base.o) (nand_calculate_ecc)
drivers/nand/libnand.a(nand_bbt.o)
                              drivers/nand/libnand.a(nand_base.o) (nand_update_bbt)
drivers/lcd/liblcd.a(embedsky_lcd.o)
                              lib_arm/libarm.a(boot_zImage.o) (nand_read_ll_lcd)
modules/usb.module(usbmain.o)
                              cpu/arm920t/s3c24x0/libs3c24x0.a(interrupts.o) (IsrUsbd)
modules/usb.module(usbout.o)  modules/usb.module(usbmain.o) (Ep3Handler)
modules/usb.module(usbsetup.o)
                              modules/usb.module(usbmain.o) (Ep0Handler)
modules/usb.module(usbinit.o)
                              modules/usb.module(usbout.o) (download_run)
modules/usb.module(usbin.o)   modules/usb.module(usbmain.o) (PrepareEp1Fifo)
modules/usb.module(usblib.o)  modules/usb.module(usbmain.o) (ReconfigUsbd)
modules/wince.module(wince_cmds.o)
                              (__u_boot_cmd_wince)
modules/wince.module(ebootloader.o)
                              modules/wince.module(wince_cmds.o) (TOC_Read)
modules/wince.module(extract_wince_image.o)
                              modules/wince.module(wince_cmds.o) (GetLauchAddrFrmRam)
common/libcommon.a(main.o)    lib_arm/libarm.a(boot_zImage.o) (run_command)
common/libcommon.a(cmd_autoscript.o)
                              (__u_boot_cmd_autoscr)
common/libcommon.a(cmd_bdinfo.o)
                              (__u_boot_cmd_bdinfo)
common/libcommon.a(cmd_boot.o)
                              (__u_boot_cmd_reset)
common/libcommon.a(cmd_bootm.o)
                              (__u_boot_cmd_iminfo)
common/libcommon.a(cmd_cache.o)
                              (__u_boot_cmd_dcache)
common/libcommon.a(cmd_console.o)
                              (__u_boot_cmd_coninfo)
common/libcommon.a(cmd_date.o)
                              (__u_boot_cmd_date)
common/libcommon.a(cmd_elf.o)
                              (__u_boot_cmd_bootvx)
common/libcommon.a(cmd_flash.o)
                              (__u_boot_cmd_protect)
common/libcommon.a(cmd_itest.o)
                              (__u_boot_cmd_itest)
common/libcommon.a(cmd_jffs2.o)
                              (__u_boot_cmd_mtdparts)
common/libcommon.a(cmd_load.o)
                              (__u_boot_cmd_loady)
common/libcommon.a(cmd_mem.o)
                              (__u_boot_cmd_mtest)
common/libcommon.a(cmd_misc.o)
                              (__u_boot_cmd_sleep)
common/libcommon.a(cmd_nand.o)
                              (__u_boot_cmd_nboot)
common/libcommon.a(cmd_net.o)
                              (__u_boot_cmd_ping)
common/libcommon.a(cmd_nvedit.o)
                              (__u_boot_cmd_run)
common/libcommon.a(cmd_usbslave.o)
                              (__u_boot_cmd_usbslave)
common/libcommon.a(cmd_menu.o)
                              (__u_boot_cmd_menu)
common/libcommon.a(command.o)
                              (__u_boot_cmd_question_mark)
common/libcommon.a(console.o)
                              cpu/arm920t/libarm920t.a(interrupts.o) (printf)
common/libcommon.a(devices.o)
                              common/libcommon.a(cmd_console.o) (stdio_names)
common/libcommon.a(dlmalloc.o)
                              drivers/nand/libnand.a(nand_base.o) (free)
common/libcommon.a(env_common.o)
                              common/libcommon.a(cmd_nvedit.o) (env_get_char)
common/libcommon.a(env_nand.o)
[...]
Memory Configuration

Name             Origin             Length             Attributes
*default*        0x00000000         0xffffffff

Linker script and memory map

                0x00000000                . = 0x0
                0x00000000                . = ALIGN (0x4)

.text           0x33d00000    0x24770
 cpu/arm920t/start.o(.text)
 .text          0x33d00000      0x480 cpu/arm920t/start.o
                0x33d00000                _start
                0x33d00320                Launch
                0x33d00044                _armboot_start
                0x33d00048                _bss_start
                0x33d00054                FREE_RAM_SIZE
                0x33d00050                FREE_RAM_END
                0x33d00058                IRQ_STACK_START
                0x33d0004c                _bss_end
                0x33d0005c                FIQ_STACK_START
 board/EmbedSky/boot_init.o(.text)
 .text          0x33d00480      0x564 board/EmbedSky/boot_init.o
                0x33d00524                nand_init_ll
                0x33d008fc                CopyCode2Ram
                0x33d00554                NF_ReadID
                0x33d008d0                bBootFrmNORFlash
                0x33d00990                clock_init
                0x33d005bc                nand_read_ll
                0x33d00714                nand_read_ll_lp
 board/EmbedSky/lowlevel_init.o(.text)
 .text          0x33d009e4       0x64 board/EmbedSky/lowlevel_init.o
                0x33d009e8                lowlevel_init
 *(.text)
 .text          0x33d00a48      0x280 cpu/arm920t/libarm920t.a(interrupts.o)
                0x33d00ca4                do_irq
                0x33d00bcc                do_undefined_instruction
                0x33d00c80                do_fiq
                0x33d00a74                bad_mode
                0x33d00a48                enable_interrupts
                0x33d00a90                show_regs
                0x33d00a58                disable_interrupts
                0x33d00c14                do_prefetch_abort
                0x33d00bf0                do_software_interrupt
                0x33d00c38                do_data_abort
                0x33d00c5c                do_not_used
 .text          0x33d00cc8      0x50c cpu/arm920t/s3c24x0/libs3c24x0.a(interrupts.o)
                0x33d00e68                udelay_masked
                0x33d00d48                reset_timer_masked
                0x33d010f0                Isr_Init
                0x33d01184                IRQ_Handle
                0x33d00f04                reset_cpu
                0x33d00ef8                get_tbclk
                0x33d00f94                Timer_StartEx
                0x33d00ee4                get_ticks
                0x33d01070                IsrWatchdog
                0x33d00ff0                Timer_StopEx
                0x33d00cc8                interrupt_init
                0x33d00f24                ClearPending
                0x33d00d78                reset_timer
                0x33d00e0c                udelay
                0x33d00dfc                set_timer
                0x33d00d7c                get_timer_masked
                0x33d00f40                Timer_InitEx
                0x33d010a8                IsrTimer4
                0x33d00de8                get_timer
                0x33d010c8                Dummy_isr
 .text          0x33d011d4      0x20c cpu/arm920t/s3c24x0/libs3c24x0.a(speed.o)
                0x33d01324                get_PCLK
                0x33d013d8                get_UCLK
                0x33d01278                get_HCLK
                0x33d01270                get_FCLK
 .text          0x33d013e0       0x98 lib_arm/libarm.a(_udivsi3.o)
                0x33d013e0                __udivsi3
 .text          0x33d01478      0x354 lib_arm/libarm.a(board.o)
                0x33d01478                sbrk
                0x33d01534                start_armboot
                0x33d01524                hang
 .text          0x33d017cc      0x338 lib_arm/libarm.a(boot_zImage.o)
                0x33d01a48                boot_noos
                0x33d01808                call_linux
                0x33d019b4                do_boot_zImage
                0x33d019cc                test_zImage
                0x33d018cc                boot_zImage
                0x33d01aec                do_boot_noos
                0x33d01a38                do_test_zImage
                0x33d017f8                tlb_invalidate
                0x33d017cc                cache_clean_invalidate
 .text          0x33d01b04        0x4 lib_arm/libarm.a(div0.o)
                0x33d01b04                __div0
 .text          0x33d01b08     0x15fc net/libnet.a(net.o)
                0x33d02c28                getenv_VLAN
                0x33d01d5c                NetSetHandler
                0x33d01e78                NetCksum
                0x33d0216c                PingSend
                0x33d02b74                VLAN_to_string
                0x33d02490                NetReceive
                0x33d02004                NetSendUDPPacket
                0x33d01ec4                NetSetIP
                0x33d023c0                copy_filename
                0x33d01b08                NetSetEther
                0x33d01bc8                ArpRequest
                0x33d02c40                NetLoop
                0x33d01dec                ArpTimeoutCheck
                0x33d01e74                NetSendPacket
                0x33d0246c                print_IPaddr
                0x33d02bd0                string_to_VLAN
                0x33d02358                NetCksumOk
                0x33d02414                ip_to_string
                0x33d02ae4                string_to_ip
                0x33d0237c                NetEthHdrSize
                0x33d01d6c                NetStartAgain
                0x33d02b64                getenv_IPaddr
                0x33d01d20                NetSetTimeout
 .text          0x33d03104      0x75c net/libnet.a(tftp.o)
                0x33d0362c                TftpStart
 .text          0x33d03860      0x640 net/libnet.a(bootp.o)
                0x33d03bf4                BootpRequest
 .text          0x33d03ea0      0x184 net/libnet.a(rarp.o)
                0x33d03edc                RarpRequest
 .text          0x33d04024        0x8 net/libnet.a(eth.o)
                0x33d04024                eth_initialize
 .text          0x33d0402c      0x768 drivers/libdrivers.a(dm9000x.o)
                0x33d0412c                eth_init
                0x33d04554                eth_send
                0x33d0462c                eth_halt
                0x33d04664                eth_rx
 .text          0x33d04794       0x7c drivers/nand/libnand.a(nand.o)
                0x33d04794                nand_init
 .text          0x33d04810     0x2d20 drivers/nand/libnand.a(nand_base.o)
                0x33d064b4                nand_write_calmecc
                0x33d06ae0                nand_scan
                0x33d05be0                nand_read_raw
                0x33d074f4                nand_release
                0x33d06850                nand_erase_nand
 .text          0x33d07530      0x298 drivers/nand/libnand.a(nand_ecc.o)
                0x33d07530                nand_calculate_ecc
                0x33d07644                nand_correct_data
 .text          0x33d077c8     0x15ec drivers/nand/libnand.a(nand_bbt.o)
                0x33d08d4c                nand_isbad_bbt
                0x33d08c78                nand_default_bbt
                0x33d08820                nand_scan_bbt
                0x33d0852c                nand_update_bbt
 .text          0x33d08db4      0xa44 drivers/lcd/liblcd.a(embedsky_lcd.o)
                0x33d08db4                embedsky_lcd_ClearScr
                0x33d09054                embedsky_lcd_PowerEnable
                0x33d093b0                embedsky_user_logo
                0x33d09338                embedsky_tq_logo
                0x33d08e00                embedsky_lcd_ClearScr_Rectangle
                0x33d08ef8                putPixel
                0x33d08f1c                drawProcessBar
                0x33d0949c                nand_read_ll_lcd
                0x33d08e6c                embedsky_paint_Bmp
                0x33d0961c                nand_read_ll_lp_lcd
                0x33d090a4                embedsky_lcd_EnvidOnOff
                0x33d090c8                embedsky_lcd_Init
 .text          0x33d097f8      0x11c modules/usb.module(usbmain.o)
                0x33d098e0                _WrDbgStrFifo
                0x33d097f8                UsbdMain
                0x33d0980c                DbgPrintf
                0x33d09818                IsrUsbd
 .text          0x33d09914      0x3c4 modules/usb.module(usbout.o)
                0x33d09b14                IsrDma2
                0x33d09cb0                ClearEp3OutPktReady
                0x33d09964                Ep3Handler
 .text          0x33d09cd8      0xc58 modules/usb.module(usbsetup.o)
                0x33d09d1c                Ep0Handler
                0x33d09cd8                PrintEp0Pkt
                0x33d0a7e4                InitDescriptorTable
 .text          0x33d0a930      0x5f8 modules/usb.module(usbinit.o)
                0x33d0aa18                Clk1_Disable
                0x33d0aeac                HaltDabort
                0x33d0aef4                Clk1_Enable
                0x33d0a9fc                Clk0_Disable
                0x33d0a930                awaitkey
                0x33d0ae70                HaltUndef
                0x33d0ae98                HaltPabort
                0x33d0a9a0                Port_Init
                0x33d0aa34                usb_init
                0x33d0ae84                HaltSwi
                0x33d0aec0                Clk0_Enable
                0x33d0aba8                usb_receive
 .text          0x33d0af28       0xd8 modules/usb.module(usbin.o)
                0x33d0af94                Ep1Handler
                0x33d0af28                PrepareEp1Fifo
 .text          0x33d0b000      0x3f4 modules/usb.module(usblib.o)
                0x33d0b000                ReconfigUsbd
                0x33d0b394                ConfigEp3IntMode
                0x33d0b20c                WrPktEp2
                0x33d0b17c                RdPktEp0
                0x33d0b26c                RdPktEp4
                0x33d0b158                ConfigUsbd
                0x33d0b1dc                WrPktEp1
                0x33d0b29c                ConfigEp3DmaMode
                0x33d0b1ac                WrPktEp0
                0x33d0b23c                RdPktEp3
 .text          0x33d0b3f4      0x5cc modules/wince.module(wince_cmds.o)
                0x33d0b4f4                MarkReservedBlocksUnused
                0x33d0b634                download_nkbin_to_flash
                0x33d0b708                Load_nknb0_to_flash
                0x33d0b474                do_wince
                0x33d0b420                do_eboot
                0x33d0b3f4                ClearFreeMem
 .text          0x33d0b9c0      0x7b4 modules/wince.module(ebootloader.o)
                0x33d0baf4                TOC_Write
                0x33d0bdac                ID_Print
                0x33d0be48                ReadImageFromNand
                0x33d0b9c0                TOC_Read
                0x33d0ba8c                TOC_Erase
                0x33d0bc0c                TOC_Init
                0x33d0bde8                TOC_Print
 .text          0x33d0c174      0x7b4 modules/wince.module(extract_wince_image.o)
                0x33d0c174                GetLauchAddrFrmRam
                0x33d0c498                ExtractImgFrmUSBBuf
                0x33d0c3f4                OEMMultiBINNotify
                0x33d0c304                OEMMapMemAddr
                0x33d0c360                OEMVerifyMemory
                0x33d0c1a0                OEMReadData
 .text          0x33d0c928      0x92c common/libcommon.a(main.o)
                0x33d0cbe0                run_command
                0x33d0d1d8                do_run
                0x33d0ca04                readline
                0x33d0d030                main_loop
 .text          0x33d0d254      0x260 common/libcommon.a(cmd_autoscript.o)
                0x33d0d254                autoscript
                0x33d0d474                do_autoscript
 .text          0x33d0d4b4       0xe4 common/libcommon.a(cmd_bdinfo.o)
                0x33d0d4c8                do_bdinfo
 .text          0x33d0d598       0x88 common/libcommon.a(cmd_boot.o)
                0x33d0d598                do_go
 .text          0x33d0d620      0xe78 common/libcommon.a(cmd_bootm.o)
                0x33d0dbdc                do_iminfo
                0x33d0ddb4                do_bootm
                0x33d0d620                do_bootd
                0x33d0dc58                gunzip
                0x33d0d644                print_image_hdr
 .text          0x33d0e498      0x154 common/libcommon.a(cmd_cache.o)
                0x33d0e564                do_icache
                0x33d0e4dc                do_dcache
 .text          0x33d0e5ec       0xd8 common/libcommon.a(cmd_console.o)
                0x33d0e5ec                do_coninfo
 .text          0x33d0e6c4      0x33c common/libcommon.a(cmd_date.o)
                0x33d0e8f4                do_date
                0x33d0e70c                mk_date
 .text          0x33d0ea00      0x394 common/libcommon.a(cmd_elf.o)
                0x33d0eb70                do_bootvx
                0x33d0ecec                do_bootelf
                0x33d0ea54                load_elf_image
                0x33d0ea00                valid_elf_image
 .text          0x33d0ed94      0xd50 common/libcommon.a(cmd_flash.o)
                0x33d0f300                flash_sect_erase
                0x33d0f744                do_protect
                0x33d0f264                do_flinfo
                0x33d0f3e4                do_flerase
                0x33d0f654                flash_sect_protect
 .text          0x33d0fae4      0x2f0 common/libcommon.a(cmd_itest.o)
                0x33d0fb4c                binary_test
                0x33d0fd28                do_itest
 .text          0x33d0fdd4     0x21fc common/libcommon.a(cmd_jffs2.o)
                0x33d10ec0                find_dev_and_part
                0x33d116d0                do_jffs2_fsload
                0x33d11064                mtdparts_init
                0x33d118dc                do_jffs2_fsinfo
                0x33d1185c                do_jffs2_ls
                0x33d10b1c                id_parse
                0x33d11a34                do_jffs2_mtdparts
                0x33d11970                do_jffs2_chpart
 .text          0x33d11fd0      0xf6c common/libcommon.a(cmd_load.o)
                0x33d122c4                send_pad
                0x33d125bc                k_data_char
                0x33d124cc                k_data_init
                0x33d123ec                send_nack
                0x33d12864                do_load_serial_bin
                0x33d12558                k_data_restore
                0x33d124f4                k_data_save
                0x33d12300                ktrans
                0x33d11fd0                do_load_serial
                0x33d1232c                chk1
                0x33d12388                send_ack
                0x33d12630                handle_send_packet
                0x33d1235c                s1_sendpacket
 .text          0x33d12f3c      0xb28 common/libcommon.a(cmd_mem.o)
                0x33d13290                do_mem_cmp
                0x33d1344c                do_mem_cp
                0x33d12fb0                do_mem_md
                0x33d139ac                do_mem_crc
                0x33d13984                do_mem_mm
                0x33d13580                do_mem_base
                0x33d1395c                do_mem_nm
                0x33d131c4                do_mem_mw
                0x33d135c4                do_mem_loop
                0x33d12f3c                cmd_get_data_size
                0x33d136c8                do_mem_mtest
 .text          0x33d13a64       0x9c common/libcommon.a(cmd_misc.o)
                0x33d13a64                do_sleep
 .text          0x33d13b00     0x1288 common/libcommon.a(cmd_nand.o)
                0x33d13d3c                do_nand
                0x33d14b64                do_nandboot
 .text          0x33d14d88      0x37c common/libcommon.a(cmd_net.o)
                0x33d15048                do_rarpb
                0x33d15060                do_bootp
                0x33d1506c                do_ping
                0x33d15054                do_tftpb
 .text          0x33d15104      0x8b8 common/libcommon.a(cmd_nvedit.o)
                0x33d15850                getenv
                0x33d157d8                setenv
                0x33d15334                _do_setenv
                0x33d15178                do_printenv
                0x33d15810                do_setenv
                0x33d15990                do_saveenv
                0x33d158cc                getenv_r
 .text          0x33d159bc      0x1d4 common/libcommon.a(cmd_usbslave.o)
                0x33d159bc                do_usbslave
 .text          0x33d15b90      0xef0 common/libcommon.a(cmd_menu.o)
                0x33d15ea8                lcd_menu_usage
                0x33d15c04                param_menu_shell
                0x33d1677c                menu_shell
                0x33d1611c                main_menu_usage
                0x33d162c0                tftp_menu_shell
                0x33d15f34                lcd_menu_shell
                0x33d15b90                param_menu_usage
                0x33d16a70                do_menu
 .text          0x33d16a80      0x308 common/libcommon.a(command.o)
                0x33d16b20                find_cmd
                0x33d16aa0                do_echo
                0x33d16a80                do_version
                0x33d16bc8                do_help
 .text          0x33d16d88      0x4d0 common/libcommon.a(console.o)
                0x33d1715c                console_init_f
                0x33d16e30                serial_printf
                0x33d1709c                had_ctrlc
                0x33d1702c                ctrlc
                0x33d1716c                console_init_r
                0x33d170ac                clear_ctrlc
                0x33d16e68                fgetc
                0x33d17000                vprintf
                0x33d16eb8                fputc
                0x33d17084                disable_ctrlc
                0x33d16ee8                fputs
                0x33d16f14                fprintf
                0x33d170c0                dbg
                0x33d170cc                console_assign
                0x33d16f6c                tstc
                0x33d16f54                getc
                0x33d16fc8                printf
                0x33d16fac                puts
                0x33d16f84                putc
                0x33d16e90                ftstc
 .text          0x33d17258       0xf0 common/libcommon.a(devices.o)
                0x33d17258                device_register
                0x33d1727c                devices_init
                0x33d1732c                devices_done
 .text          0x33d17348     0x108c common/libcommon.a(dlmalloc.o)
                0x33d1831c                malloc_usable_size
                0x33d1737c                malloc_trim
                0x33d18248                calloc
                0x33d17cac                realloc
                0x33d17668                malloc
                0x33d17348                malloc_bin_reloc
                0x33d18114                memalign
                0x33d1835c                mallopt
                0x33d18318                cfree
                0x33d18230                pvalloc
                0x33d17454                free
                0x33d18224                valloc
 .text          0x33d183d4      0x124 common/libcommon.a(env_common.o)
                0x33d18428                env_get_char_memory
                0x33d18468                env_relocate
                0x33d18448                env_get_addr
                0x33d183d4                env_crc_update
 .text          0x33d184f8      0x204 common/libcommon.a(env_nand.o)
                0x33d18520                saveenv
                0x33d18674                env_relocate_spec
                0x33d184f8                env_get_char_spec
                0x33d18504                env_init
 .text          0x33d186fc       0xc0 common/libcommon.a(exports.o)
                0x33d18708                jumptable_init
                0x33d18700                get_version
 .text          0x33d187bc      0x3b8 common/libcommon.a(flash.o)
                0x33d18a94                flash_perror
                0x33d188c4                addr2info
                0x33d187bc                flash_protect
                0x33d1890c                flash_write
 .text          0x33d18b74      0x3c8 common/libcommon.a(lists.o)
                0x33d18ccc                ListSetAllocationPolicy
                0x33d18ce4                ListInsertItems
                0x33d18bd4                DisposeHandle
                0x33d18bfc                SetHandleSize
                0x33d18f18                ListGetDataPtr
                0x33d18ea0                ListGetItems
                0x33d18f24                ListGetItemSize
                0x33d18c6c                ListCreate
                0x33d18ee8                ListGetPtrToItem
                0x33d18ce0                ListDispose
                0x33d18f30                ListNumItems
                0x33d18e98                ListInsertItem
                0x33d18bf4                GetHandleSize
                0x33d18b74                NewHandle
 .text          0x33d18f3c      0x2f8 common/libcommon.a(s_record.o)
                0x33d18fb0                srec_decode
 .text          0x33d19234      0xa98 common/libcommon.a(xyzModem.o)
                0x33d19c30                xyzModem_error
                0x33d1929c                parse_num
                0x33d19858                xyzModem_stream_read
                0x33d196e4                xyzModem_stream_open
                0x33d19234                CYGACC_COMM_IF_GETC_TIMEOUT
                0x33d19290                CYGACC_COMM_IF_PUTC
                0x33d19b58                xyzModem_stream_terminate
                0x33d19b00                xyzModem_stream_close
 .text          0x33d19ccc       0x4c common/libcommon.a(crc16.o)
                0x33d19ccc                cyg_crc16
 .text          0x33d19d18      0x1f0 lib_generic/libgeneric.a(crc32.o)
                0x33d19e14                crc32_no_comp
                0x33d19d18                crc32
 .text          0x33d19f08       0xb4 lib_generic/libgeneric.a(display_options.o)
                0x33d19f28                print_size
                0x33d19f08                display_options
 .text          0x33d19fbc      0x5a0 lib_generic/libgeneric.a(string.o)
                0x33d1a3e4                memcpy
                0x33d1a3b8                bcopy
                0x33d1a1dc                strspn
                0x33d19ffc                strcat
                0x33d1a134                strrchr
                0x33d1a098                strncmp
                0x33d1a110                strlen
                0x33d1a40c                memmove
                0x33d1a300                strsep
                0x33d1a028                strncat
                0x33d1a27c                strtok
                0x33d19fd8                strncpy
                0x33d1a394                memset
                0x33d1a46c                memcmp
                0x33d1a16c                strnlen
                0x33d1a52c                memchr
                0x33d1a4c4                strstr
                0x33d1a068                strcmp
                0x33d1a338                strswab
                0x33d1a23c                strpbrk
                0x33d1a0e0                strchr
                0x33d1a4a0                memscan
                0x33d1a1a4                strdup
                0x33d19fbc                strcpy
 .text          0x33d1a55c      0x800 lib_generic/libgeneric.a(vsprintf.o)
                0x33d1ac98                printk
                0x33d1a610                simple_strtol
                0x33d1a8b0                vsprintf
                0x33d1acf4                sprintf
                0x33d1a55c                simple_strtoul
                0x33d1ad14                panic
 .text          0x33d1ad5c     0x2be8 lib_generic/libgeneric.a(zlib.o)
                0x33d1af2c                inflateReset
                0x33d1ae8c                inflateEnd
                0x33d1b200                inflateInit
                0x33d1bb28                inflate
                0x33d1b258                inflateIncomp
                0x33d1af94                inflateSync
                0x33d1b0a0                inflateInit2
                0x33d1d7d0                adler32
 .text          0x33d1d944       0xfc board/EmbedSky/libEmbedSky.a(EmbedSky.o)
                0x33d1da20                dram_init
                0x33d1d944                board_init
 .text          0x33d1da40      0x71c board/EmbedSky/libEmbedSky.a(flash.o)
                0x33d1da40                flash_init
                0x33d1dfd0                write_buff
                0x33d1dcac                flash_erase
                0x33d1db98                flash_print_info
 .text          0x33d1e15c      0x168 cpu/arm920t/libarm920t.a(cpu.o)
                0x33d1e264                icache_status
                0x33d1e22c                icache_enable
                0x33d1e248                icache_disable
                0x33d1e278                dcache_enable
                0x33d1e1ec                cleanup_before_linux
                0x33d1e214                do_reset
                0x33d1e194                cpu_init
                0x33d1e294                dcache_disable
                0x33d1e2b0                dcache_status
 .text          0x33d1e2c4      0x178 cpu/arm920t/s3c24x0/libs3c24x0.a(serial.o)
                0x33d1e42c                awaitkey2
                0x33d1e368                serial_tstc
                0x33d1e378                serial_puts
                0x33d1e3a0                do_getc
                0x33d1e318                serial_init
                0x33d1e340                serial_putc
                0x33d1e328                serial_getc
                0x33d1e2c4                serial_setbrg
 .text          0x33d1e43c      0x1ec cpu/arm920t/s3c24x0/libs3c24x0.a(nand_flash.o)
                0x33d1e564                board_nand_init
 .text          0x33d1e628       0x1c lib_arm/libarm.a(_ashldi3.o)
                0x33d1e628                __ashldi3
 .text          0x33d1e644       0x1c lib_arm/libarm.a(_ashrdi3.o)
                0x33d1e644                __ashrdi3
 .text          0x33d1e660      0x140 lib_arm/libarm.a(_divsi3.o)
                0x33d1e660                __divsi3
 .text          0x33d1e7a0      0x100 lib_arm/libarm.a(_modsi3.o)
                0x33d1e7a0                __modsi3
 .text          0x33d1e8a0       0xb4 lib_arm/libarm.a(_umodsi3.o)
                0x33d1e8a0                __umodsi3
 .text          0x33d1e954      0x3b8 lib_arm/libarm.a(armlinux.o)
                0x33d1e954                do_bootm_linux
 .text          0x33d1ed0c        0x4 lib_arm/libarm.a(cache.o)
                0x33d1ed0c                flush_cache
 .text          0x33d1ed10      0x7d8 fs/cramfs/libcramfs.a(cramfs.o)
                0x33d1f24c                cramfs_ls
                0x33d1f47c                cramfs_check
                0x33d1f018                cramfs_load
                0x33d1f3b4                cramfs_info
 .text          0x33d1f4e8       0xdc fs/cramfs/libcramfs.a(uncompress.o)
                0x33d1f5ac                cramfs_uncompress_exit
                0x33d1f500                cramfs_uncompress_block
                0x33d1f54c                cramfs_uncompress_init
 .text          0x33d1f5c4     0x1f64 fs/jffs2/libjffs2.a(jffs2_1pass.o)
                0x33d200c8                jffs2_1pass_rescan_needed
                0x33d20f90                jffs2_1pass_load
                0x33d1fe60                mkmodestr
                0x33d1f90c                jffs2_free_cache
                0x33d206ec                jffs2_1pass_ls
                0x33d21380                jffs2_1pass_info
 .text          0x33d21528       0xd0 fs/jffs2/libjffs2.a(compr_rtime.o)
                0x33d21528                rtime_decompress
 .text          0x33d215f8      0x128 fs/jffs2/libjffs2.a(compr_rubin.o)
                0x33d215f8                rubin_do_decompress
                0x33d216d8                dynrubin_decompress
 .text          0x33d21720       0x18 fs/jffs2/libjffs2.a(compr_zlib.o)
                0x33d21720                zlib_decompress
 .text          0x33d21738      0xdd0 fs/jffs2/libjffs2.a(mini_inflate.o)
                0x33d21c18                decompress_block
                0x33d21738                cramfs_memset
                0x33d217b4                pull_bit
                0x33d2174c                pull_bits
 .text          0x33d22508      0x2b8 rtc/librtc.a(date.o)
                0x33d22508                GregorianDay
                0x33d22720                mktime
                0x33d225f8                to_tm
 .text          0x33d227c0      0x214 rtc/librtc.a(s3c24x0_rtc.o)
                0x33d228f8                rtc_set
                0x33d2280c                rtc_get
                0x33d229b0                rtc_reset
 .text          0x33d229d4      0xed0 drivers/nand/libnand.a(nand_util.o)
                0x33d23298                nand_read_opts
                0x33d23774                nand_unlock
                0x33d236e8                nand_get_lock_status
                0x33d229dc                nand_erase_opts
                0x33d22d6c                nand_write_opts
                0x33d23674                nand_lock
 .text          0x33d238a4      0x388 /opt/EmbedSky/crosstools_3.4.5_softfloat/gcc-3.4.5-glibc-2.3.6/arm-linux/lib/gcc/arm-linux/3.4.5/libgcc.a(_addsubdf3.oS)
                0x33d23bb4                __floatsidf
                0x33d23b8c                __floatunsidf
                0x33d238a4                __subdf3
                0x33d238a8                __adddf3
                0x33d23be0                __extendsfdf2
 .text          0x33d23c2c      0x580 /opt/EmbedSky/crosstools_3.4.5_softfloat/gcc-3.4.5-glibc-2.3.6/arm-linux/lib/gcc/arm-linux/3.4.5/libgcc.a(_muldivdf3.oS)
                0x33d23c2c                __muldf3
                0x33d23f40                __divdf3
 .text          0x33d241ac       0x80 /opt/EmbedSky/crosstools_3.4.5_softfloat/gcc-3.4.5-glibc-2.3.6/arm-linux/lib/gcc/arm-linux/3.4.5/libgcc.a(_fixdfsi.oS)
                0x33d241ac                __fixdfsi
 .text          0x33d2422c      0x544 /opt/EmbedSky/crosstools_3.4.5_softfloat/gcc-3.4.5-glibc-2.3.6/arm-linux/lib/gcc/arm-linux/3.4.5/libgcc.a(_udivdi3.oS)
                0x33d2422c                __udivdi3

.glue_7         0x33d24770        0x0

.glue_7t        0x33d24770        0x0
                0x33d24770                . = ALIGN (0x4)

.rodata         0x33d24770      0xa70
 *(.rodata)
 .rodata        0x33d24770       0x80 cpu/arm920t/libarm920t.a(interrupts.o)
 .rodata        0x33d247f0       0x28 lib_arm/libarm.a(board.o)
                0x33d247f0                version_string
 .rodata        0x33d24818        0x8 net/libnet.a(net.o)
 .rodata        0x33d24820        0x8 drivers/nand/libnand.a(nand.o)
 .rodata        0x33d24828       0x14 drivers/nand/libnand.a(nand_base.o)
 .rodata        0x33d2483c      0x100 drivers/nand/libnand.a(nand_ecc.o)
 .rodata        0x33d2493c       0x46 modules/usb.module(usbsetup.o)
 *fill*         0x33d24982        0x2 00
 .rodata        0x33d24984       0x30 modules/wince.module(wince_cmds.o)
 .rodata        0x33d249b4       0x14 modules/wince.module(ebootloader.o)
 .rodata        0x33d249c8       0x14 common/libcommon.a(cmd_nvedit.o)
 .rodata        0x33d249dc      0x200 common/libcommon.a(crc16.o)
 .rodata        0x33d24bdc      0x400 lib_generic/libgeneric.a(crc32.o)
 .rodata        0x33d24fdc       0x30 cpu/arm920t/s3c24x0/libs3c24x0.a(nand_flash.o)
 .rodata        0x33d2500c       0xa4 fs/jffs2/libjffs2.a(jffs2_1pass.o)
 .rodata        0x33d250b0       0x30 rtc/librtc.a(date.o)
 .rodata        0x33d250e0      0x100 /opt/EmbedSky/crosstools_3.4.5_softfloat/gcc-3.4.5-glibc-2.3.6/arm-linux/lib/gcc/arm-linux/3.4.5/libgcc.a(_clz.oS)
                0x33d250e0                __clz_tab

.rodata.str1.4  0x33d251e0     0x8b9b
 .rodata.str1.4
                0x33d251e0      0x293 cpu/arm920t/libarm920t.a(interrupts.o)
                                0x29c (size before relaxing)
 *fill*         0x33d25473        0x1 00
 .rodata.str1.4
                0x33d25474       0x36 cpu/arm920t/s3c24x0/libs3c24x0.a(interrupts.o)
                                 0x38 (size before relaxing)
 *fill*         0x33d254aa        0x2 00
 .rodata.str1.4
                0x33d254ac       0x7d lib_arm/libarm.a(board.o)
                                 0x80 (size before relaxing)
 *fill*         0x33d25529        0x3 00
 .rodata.str1.4
                0x33d2552c      0x252 lib_arm/libarm.a(boot_zImage.o)
                                0x268 (size before relaxing)
 *fill*         0x33d2577e        0x2 00
 .rodata.str1.4
                0x33d25780      0x1f9 net/libnet.a(net.o)
                                0x1fc (size before relaxing)
 *fill*         0x33d25979        0x3 00
 .rodata.str1.4
                0x33d2597c      0x1df net/libnet.a(tftp.o)
                                0x1ec (size before relaxing)
 *fill*         0x33d25b5b        0x1 00
 .rodata.str1.4
                0x33d25b5c       0x80 net/libnet.a(bootp.o)
                                 0xb4 (size before relaxing)
 .rodata.str1.4
                0x33d25bdc       0x13 net/libnet.a(rarp.o)
                                 0x48 (size before relaxing)
 *fill*         0x33d25bef        0x1 00
 .rodata.str1.4
                0x33d25bf0       0xcb drivers/libdrivers.a(dm9000x.o)
                                 0xd4 (size before relaxing)
 *fill*         0x33d25cbb        0x1 00
 .rodata.str1.4
                0x33d25cbc      0x316 drivers/nand/libnand.a(nand_base.o)
                                0x31c (size before relaxing)
 *fill*         0x33d25fd2        0x2 00
 .rodata.str1.4
                0x33d25fd4      0x43a drivers/nand/libnand.a(nand_ids.o)
                                0x43c (size before relaxing)
 *fill*         0x33d2640e        0x2 00
 .rodata.str1.4
                0x33d26410      0x308 drivers/nand/libnand.a(nand_bbt.o)
 .rodata.str1.4
                0x33d26718       0x62 drivers/lcd/liblcd.a(embedsky_lcd.o)
                                 0x64 (size before relaxing)
 *fill*         0x33d2677a        0x2 00
 .rodata.str1.4
                0x33d2677c       0x18 modules/usb.module(usbout.o)
 .rodata.str1.4
                0x33d26794      0x12b modules/usb.module(usbsetup.o)
                                0x138 (size before relaxing)
 *fill*         0x33d268bf        0x1 00
 .rodata.str1.4
                0x33d268c0      0x15d modules/usb.module(usbinit.o)
                                0x160 (size before relaxing)
 *fill*         0x33d26a1d        0x3 00
 .rodata.str1.4
                0x33d26a20      0x25f modules/wince.module(wince_cmds.o)
                                0x260 (size before relaxing)
 *fill*         0x33d26c7f        0x1 00
 .rodata.str1.4
                0x33d26c80       0xfc modules/wince.module(ebootloader.o)
 .rodata.str1.4
                0x33d26d7c      0x22d modules/wince.module(extract_wince_image.o)
                                0x230 (size before relaxing)
 *fill*         0x33d26fa9        0x3 00
 .rodata.str1.4
                0x33d26fac      0x130 common/libcommon.a(main.o)
                                0x140 (size before relaxing)
 .rodata.str1.4
                0x33d270dc       0xf6 common/libcommon.a(cmd_autoscript.o)
                                 0xf8 (size before relaxing)
 *fill*         0x33d271d2        0x2 00
 .rodata.str1.4
                0x33d271d4       0xbf common/libcommon.a(cmd_bdinfo.o)
                                 0xc0 (size before relaxing)
 *fill*         0x33d27293        0x1 00
 .rodata.str1.4
                0x33d27294      0x10b common/libcommon.a(cmd_boot.o)
                                0x118 (size before relaxing)
 *fill*         0x33d2739f        0x1 00
 .rodata.str1.4
                0x33d273a0      0x81a common/libcommon.a(cmd_bootm.o)
                                0x868 (size before relaxing)
 *fill*         0x33d27bba        0x2 00
 .rodata.str1.4
                0x33d27bbc      0x125 common/libcommon.a(cmd_cache.o)
                                0x13c (size before relaxing)
 *fill*         0x33d27ce1        0x3 00
 .rodata.str1.4
                0x33d27ce4       0x70 common/libcommon.a(cmd_console.o)
                                 0x74 (size before relaxing)
 .rodata.str1.4
                0x33d27d54      0x16c common/libcommon.a(cmd_date.o)
                                0x180 (size before relaxing)
 .rodata.str1.4
                0x33d27ec0      0x2d7 common/libcommon.a(cmd_elf.o)
                                0x2f0 (size before relaxing)
 *fill*         0x33d28197        0x1 00
 .rodata.str1.4
                0x33d28198      0x8ab common/libcommon.a(cmd_flash.o)
                                0x8c4 (size before relaxing)
 *fill*         0x33d28a43        0x1 00
 .rodata.str1.4
                0x33d28a44       0xce common/libcommon.a(cmd_itest.o)
                                 0xdc (size before relaxing)
 *fill*         0x33d28b12        0x2 00
 .rodata.str1.4
                0x33d28b14      0xfc4 common/libcommon.a(cmd_jffs2.o)
                               0x1018 (size before relaxing)
 .rodata.str1.4
                0x33d29ad8      0x3fc common/libcommon.a(cmd_load.o)
                                0x41c (size before relaxing)
 .rodata.str1.4
                0x33d29ed4      0x629 common/libcommon.a(cmd_mem.o)
                                0x648 (size before relaxing)
 *fill*         0x33d2a4fd        0x3 00
 .rodata.str1.4
                0x33d2a500       0x70 common/libcommon.a(cmd_misc.o)
                                 0x7c (size before relaxing)
 .rodata.str1.4
                0x33d2a570      0xbb9 common/libcommon.a(cmd_nand.o)
                                0xc00 (size before relaxing)
 *fill*         0x33d2b129        0x3 00
 .rodata.str1.4
                0x33d2b12c      0x1c6 common/libcommon.a(cmd_net.o)
                                0x218 (size before relaxing)
 *fill*         0x33d2b2f2        0x2 00
 .rodata.str1.4
                0x33d2b2f4      0x31d common/libcommon.a(cmd_nvedit.o)
                                0x3b0 (size before relaxing)
 *fill*         0x33d2b611        0x3 00
 .rodata.str1.4
                0x33d2b614       0xa1 common/libcommon.a(cmd_usbslave.o)
                                 0xdc (size before relaxing)
 *fill*         0x33d2b6b5        0x3 00
 .rodata.str1.4
                0x33d2b6b8     0x11e3 common/libcommon.a(cmd_menu.o)
                               0x122c (size before relaxing)
 *fill*         0x33d2c89b        0x1 00
 .rodata.str1.4
                0x33d2c89c      0x27e common/libcommon.a(command.o)
                                0x280 (size before relaxing)
 *fill*         0x33d2cb1a        0x2 00
 .rodata.str1.4
                0x33d2cb1c       0x2f common/libcommon.a(devices.o)
                                 0x48 (size before relaxing)
 *fill*         0x33d2cb4b        0x1 00
 .rodata.str1.4
                0x33d2cb4c       0x33 common/libcommon.a(env_common.o)
                                 0x34 (size before relaxing)
 *fill*         0x33d2cb7f        0x1 00
 .rodata.str1.4
                0x33d2cb80       0x97 common/libcommon.a(env_nand.o)
                                 0xa0 (size before relaxing)
 *fill*         0x33d2cc17        0x1 00
 .rodata.str1.4
                0x33d2cc18      0x11d common/libcommon.a(flash.o)
                                0x120 (size before relaxing)
 *fill*         0x33d2cd35        0x3 00
 .rodata.str1.4
                0x33d2cd38       0xf2 common/libcommon.a(xyzModem.o)
                                 0xf8 (size before relaxing)
 *fill*         0x33d2ce2a        0x2 00
 .rodata.str1.4
                0x33d2ce2c       0x1f lib_generic/libgeneric.a(display_options.o)
                                 0x20 (size before relaxing)
 *fill*         0x33d2ce4b        0x1 00
 .rodata.str1.4
                0x33d2ce4c       0x57 lib_generic/libgeneric.a(vsprintf.o)
                                 0x58 (size before relaxing)
 *fill*         0x33d2cea3        0x1 00
 .rodata.str1.4
                0x33d2cea4      0x20d lib_generic/libgeneric.a(zlib.o)
                                0x214 (size before relaxing)
 *fill*         0x33d2d0b1        0x3 00
 .rodata.str1.4
                0x33d2d0b4      0x125 board/EmbedSky/libEmbedSky.a(flash.o)
                                0x12c (size before relaxing)
 *fill*         0x33d2d1d9        0x3 00
 .rodata.str1.4
                0x33d2d1dc       0x14 cpu/arm920t/s3c24x0/libs3c24x0.a(nand_flash.o)
 .rodata.str1.4
                0x33d2d1f0       0x5b lib_arm/libarm.a(armlinux.o)
                                 0xc4 (size before relaxing)
 *fill*         0x33d2d24b        0x1 00
 .rodata.str1.4
                0x33d2d24c      0x1ac fs/cramfs/libcramfs.a(cramfs.o)
                                0x1b4 (size before relaxing)
 .rodata.str1.4
                0x33d2d3f8      0x42b fs/jffs2/libjffs2.a(jffs2_1pass.o)
                                0x450 (size before relaxing)
 *fill*         0x33d2d823        0x1 00
 .rodata.str1.4
                0x33d2d824      0x557 drivers/nand/libnand.a(nand_util.o)
                                0x55c (size before relaxing)
                0x33d2dd7c                . = ALIGN (0x4)

.data           0x33d2dd7c     0x8e64
 *(.data)
 .data          0x33d2dd7c       0x2c lib_arm/libarm.a(board.o)
                0x33d2dd7c                init_sequence
 .data          0x33d2dda8        0xa net/libnet.a(net.o)
                0x33d2ddaa                NetOurVLAN
                0x33d2dda8                NetOurNativeVLAN
                0x33d2ddac                NetBcastAddr
 .data          0x33d2ddb2        0x4 net/libnet.a(tftp.o)
 *fill*         0x33d2ddb6        0x2 00
 .data          0x33d2ddb8        0x4 drivers/libdrivers.a(dm9000x.o)
 .data          0x33d2ddbc        0x4 drivers/nand/libnand.a(nand.o)
                0x33d2ddbc                nand_curr_device
 .data          0x33d2ddc0      0x298 drivers/nand/libnand.a(nand_base.o)
 .data          0x33d2e058      0x548 drivers/nand/libnand.a(nand_ids.o)
                0x33d2e058                nand_manuf_ids
                0x33d2e090                nand_flash_ids
 .data          0x33d2e5a0      0x110 drivers/nand/libnand.a(nand_bbt.o)
 .data          0x33d2e6b0     0x791f drivers/lcd/liblcd.a(embedsky_lcd.o)
                0x33d2e6b7                down_mode
                0x33d2e6b4                vspw
                0x33d2e6b3                hbpd
                0x33d2e6b2                hfpd
                0x33d34297                logo_net
                0x33d302d7                logo_tqkj
                0x33d2e6b6                vbpd
                0x33d2e6b1                hspw
                0x33d2e6b0                clkval_tft
                0x33d2e6b5                vfpd
 .data          0x33d35fcf        0x2 modules/usb.module(usbsetup.o)
                0x33d35fcf                Selfpwr
                0x33d35fd0                Configuration
 *fill*         0x33d35fd1        0x3 00
 .data          0x33d35fd4        0x4 modules/wince.module(ebootloader.o)
                0x33d35fd4                pbUUID
 .data          0x33d35fd8        0x4 modules/wince.module(extract_wince_image.o)
 .data          0x33d35fdc       0x10 common/libcommon.a(main.o)
 .data          0x33d35fec        0x4 common/libcommon.a(cmd_bootm.o)
                0x33d35fec                load_addr
 .data          0x33d35ff0       0x1c common/libcommon.a(cmd_date.o)
                0x33d35ff0                weekdays
 .data          0x33d3600c       0x68 common/libcommon.a(cmd_itest.o)
                0x33d3600c                op_table
 .data          0x33d36074        0x4 common/libcommon.a(cmd_load.o)
 .data          0x33d36078        0x4 common/libcommon.a(cmd_mem.o)
                0x33d36078                dp_last_length
 .data          0x33d3607c        0x4 common/libcommon.a(cmd_usbslave.o)
                0x33d3607c                g_bUSBWait
 .data          0x33d36080        0xc common/libcommon.a(devices.o)
                0x33d36080                stdio_names
 .data          0x33d3608c      0x414 common/libcommon.a(dlmalloc.o)
 .data          0x33d364a0       0xd8 common/libcommon.a(env_common.o)
                0x33d364a4                default_environment
                0x33d36574                env_get_char
                0x33d364a0                default_environment_size
 .data          0x33d36578        0x4 common/libcommon.a(env_nand.o)
                0x33d36578                env_name_spec
 .data          0x33d3657c      0x100 lib_generic/libgeneric.a(ctype.o)
                0x33d3657c                _ctype
 .data          0x33d3667c      0x2a0 lib_generic/libgeneric.a(zlib.o)
                0x33d3667c                z_errmsg
                0x33d3669c                zlib_version
 .data          0x33d3691c       0x28 fs/jffs2/libjffs2.a(jffs2_1pass.o)
 .data          0x33d36944       0x13 fs/jffs2/libjffs2.a(mini_inflate.o)
 *fill*         0x33d36957        0x1 00
 .data          0x33d36958       0x30 rtc/librtc.a(date.o)
 .data          0x33d36988      0x258 drivers/nand/libnand.a(nand_util.o)

.got.plt        0x33d36be0        0xc
 .got.plt       0x33d36be0        0xc /opt/EmbedSky/crosstools_3.4.5_softfloat/gcc-3.4.5-glibc-2.3.6/arm-linux/lib/gcc/arm-linux/3.4.5/libgcc.a(_udivdi3.oS)
                0x33d36be0                _GLOBAL_OFFSET_TABLE_
                0x33d36bec                . = ALIGN (0x4)

.got            0x33d36bec        0x4
 *(.got)
 .got           0x33d36bec        0x4 /opt/EmbedSky/crosstools_3.4.5_softfloat/gcc-3.4.5-glibc-2.3.6/arm-linux/lib/gcc/arm-linux/3.4.5/libgcc.a(_udivdi3.oS)
                0x33d36bf0                . = .
                0x33d36bf0                __u_boot_cmd_start = .

.u_boot_cmd     0x33d36bf0      0x588
 *(.u_boot_cmd)
 .u_boot_cmd    0x33d36bf0       0x48 lib_arm/libarm.a(boot_zImage.o)
                0x33d36bf0                __u_boot_cmd_boot_noos
                0x33d36c08                __u_boot_cmd_test_zImage
                0x33d36c20                __u_boot_cmd_boot_zImage
 .u_boot_cmd    0x33d36c38       0x30 modules/wince.module(wince_cmds.o)
                0x33d36c50                __u_boot_cmd_eboot
                0x33d36c38                __u_boot_cmd_wince
 .u_boot_cmd    0x33d36c68       0x18 common/libcommon.a(cmd_autoscript.o)
                0x33d36c68                __u_boot_cmd_autoscr
 .u_boot_cmd    0x33d36c80       0x18 common/libcommon.a(cmd_bdinfo.o)
                0x33d36c80                __u_boot_cmd_bdinfo
 .u_boot_cmd    0x33d36c98       0x30 common/libcommon.a(cmd_boot.o)
                0x33d36c98                __u_boot_cmd_reset
                0x33d36cb0                __u_boot_cmd_go
 .u_boot_cmd    0x33d36cc8       0x60 common/libcommon.a(cmd_bootm.o)
                0x33d36d10                __u_boot_cmd_bootm
                0x33d36cc8                __u_boot_cmd_iminfo
                0x33d36ce0                __u_boot_cmd_bootd
                0x33d36cf8                __u_boot_cmd_boot
 .u_boot_cmd    0x33d36d28       0x30 common/libcommon.a(cmd_cache.o)
                0x33d36d28                __u_boot_cmd_dcache
                0x33d36d40                __u_boot_cmd_icache
 .u_boot_cmd    0x33d36d58       0x18 common/libcommon.a(cmd_console.o)
                0x33d36d58                __u_boot_cmd_coninfo
 .u_boot_cmd    0x33d36d70       0x18 common/libcommon.a(cmd_date.o)
                0x33d36d70                __u_boot_cmd_date
 .u_boot_cmd    0x33d36d88       0x30 common/libcommon.a(cmd_elf.o)
                0x33d36da0                __u_boot_cmd_bootelf
                0x33d36d88                __u_boot_cmd_bootvx
 .u_boot_cmd    0x33d36db8       0x48 common/libcommon.a(cmd_flash.o)
                0x33d36de8                __u_boot_cmd_flinfo
                0x33d36db8                __u_boot_cmd_protect
                0x33d36dd0                __u_boot_cmd_erase
 .u_boot_cmd    0x33d36e00       0x18 common/libcommon.a(cmd_itest.o)
                0x33d36e00                __u_boot_cmd_itest
 .u_boot_cmd    0x33d36e18       0x78 common/libcommon.a(cmd_jffs2.o)
                0x33d36e48                __u_boot_cmd_fsinfo
                0x33d36e30                __u_boot_cmd_chpart
                0x33d36e18                __u_boot_cmd_mtdparts
                0x33d36e60                __u_boot_cmd_ls
                0x33d36e78                __u_boot_cmd_fsload
 .u_boot_cmd    0x33d36e90       0x60 common/libcommon.a(cmd_load.o)
                0x33d36e90                __u_boot_cmd_loady
                0x33d36ea8                __u_boot_cmd_loadx
                0x33d36ed8                __u_boot_cmd_loads
                0x33d36ec0                __u_boot_cmd_loadb
 .u_boot_cmd    0x33d36ef0       0xf0 common/libcommon.a(cmd_mem.o)
                0x33d36fb0                __u_boot_cmd_mm
                0x33d36f68                __u_boot_cmd_cp
                0x33d36f08                __u_boot_cmd_loop
                0x33d36f20                __u_boot_cmd_base
                0x33d36f80                __u_boot_cmd_mw
                0x33d36f50                __u_boot_cmd_cmp
                0x33d36f98                __u_boot_cmd_nm
                0x33d36ef0                __u_boot_cmd_mtest
                0x33d36f38                __u_boot_cmd_crc32
                0x33d36fc8                __u_boot_cmd_md
 .u_boot_cmd    0x33d36fe0       0x18 common/libcommon.a(cmd_misc.o)
                0x33d36fe0                __u_boot_cmd_sleep
 .u_boot_cmd    0x33d36ff8       0x30 common/libcommon.a(cmd_nand.o)
                0x33d37010                __u_boot_cmd_nand
                0x33d36ff8                __u_boot_cmd_nboot
 .u_boot_cmd    0x33d37028       0x60 common/libcommon.a(cmd_net.o)
                0x33d37028                __u_boot_cmd_ping
                0x33d37040                __u_boot_cmd_rarpboot
                0x33d37070                __u_boot_cmd_bootp
                0x33d37058                __u_boot_cmd_tftpboot
 .u_boot_cmd    0x33d37088       0x60 common/libcommon.a(cmd_nvedit.o)
                0x33d370b8                __u_boot_cmd_setenv
                0x33d370d0                __u_boot_cmd_printenv
                0x33d370a0                __u_boot_cmd_saveenv
                0x33d37088                __u_boot_cmd_run
 .u_boot_cmd    0x33d370e8       0x18 common/libcommon.a(cmd_usbslave.o)
                0x33d370e8                __u_boot_cmd_usbslave
 .u_boot_cmd    0x33d37100       0x18 common/libcommon.a(cmd_menu.o)
                0x33d37100                __u_boot_cmd_menu
 .u_boot_cmd    0x33d37118       0x60 common/libcommon.a(command.o)
                0x33d37160                __u_boot_cmd_version
                0x33d37148                __u_boot_cmd_echo
                0x33d37130                __u_boot_cmd_help
                0x33d37118                __u_boot_cmd_question_mark
                0x33d37178                __u_boot_cmd_end = .
                0x33d37178                . = ALIGN (0x4)
                0x33d37178                __bss_start = .

.bss            0x33d37178    0x2bde0
 *(.bss)
 .bss           0x33d37178        0x2 board/EmbedSky/boot_init.o
                0x33d37178                bLARGEBLOCK
                0x33d37179                b128MB
 *fill*         0x33d3717a        0x2 00
 .bss           0x33d3717c       0xe0 cpu/arm920t/s3c24x0/libs3c24x0.a(interrupts.o)
                0x33d37180                isr_handle_array
                0x33d37248                intregs
                0x33d3724c                g_TimerIntHappen
                0x33d3717c                timer_load_val
 .bss           0x33d3725c       0x10 lib_arm/libarm.a(board.o)
                0x33d3725c                monitor_flash_len
 .bss           0x33d3726c     0x25d0 net/libnet.a(net.o)
                0x33d373c4                PktBuf
                0x33d37300                NetOurDNSIP
                0x33d37320                NetRxPackets
                0x33d372be                NetOurHostName
                0x33d37318                NetOurIP
                0x33d37304                NetOurGatewayIP
                0x33d37340                BootFile
                0x33d3726c                NetTxPacket
                0x33d391f8                NetArpWaitPacketBuf
                0x33d372de                NetOurNISDomain
                0x33d3727e                NetOurRootPath
                0x33d37276                NetServerEther
                0x33d3733c                NetState
                0x33d37308                NetOurSubnetMask
                0x33d391e4                NetArpWaitPacketIP
                0x33d39818                NetArpWaitTimerStart
                0x33d3731c                NetServerIP
                0x33d37270                NetEtherNullAddr
                0x33d391e8                NetArpWaitReplyIP
                0x33d391ec                NetArpWaitPacketMAC
                0x33d37310                NetOurEther
                0x33d37338                NetIPID
                0x33d391f4                NetArpWaitTxPacketSize
                0x33d391f0                NetArpWaitTxPacket
                0x33d3727c                NetBootFileSize
                0x33d3981c                NetArpWaitTry
                0x33d373c0                NetPingIP
                0x33d37334                NetRxPktLen
                0x33d3730c                NetBootFileXferSize
                0x33d37330                NetRxPkt
 .bss           0x33d3983c       0x34 net/libnet.a(tftp.o)
 .bss           0x33d39870        0x8 net/libnet.a(bootp.o)
                0x33d39874                BootpTry
                0x33d39870                BootpID
 .bss           0x33d39878        0x4 net/libnet.a(rarp.o)
                0x33d39878                RarpTry
 .bss           0x33d3987c       0xa4 drivers/libdrivers.a(dm9000x.o)
                0x33d3987c                dmfe_info
 .bss           0x33d39920      0x208 drivers/nand/libnand.a(nand.o)
                0x33d39920                nand_info
 .bss           0x33d39b28    0x25804 drivers/lcd/liblcd.a(embedsky_lcd.o)
                0x33d39b28                currWidth
                0x33d39b2c                embedsky_LCD_BUFFER
 .bss           0x33d5f32c     0x1008 modules/usb.module(usbmain.o)
                0x33d5f32c                dbgStrWrPt
                0x33d5f330                dbgStrRdPt
                0x33d5f334                dbgStrFifo
 .bss           0x33d60334       0x61 modules/usb.module(usbout.o)
                0x33d60334                ep3Buf
 *fill*         0x33d60395        0x3 00
 .bss           0x33d60398       0x68 modules/usb.module(usbsetup.o)
                0x33d603c4                descConf
                0x33d603a8                descSetup
                0x33d6039c                ep0SubState
                0x33d603a6                endpoint3_status
                0x33d603dc                descEndpt0
                0x33d603a1                AlterSetting
                0x33d603f0                InterfaceGet
                0x33d603a3                interface_status
                0x33d603d0                descIf
                0x33d603b0                descDev
                0x33d603a5                endpoint1_status
                0x33d60398                ep0State
                0x33d603a0                Rwuen
                0x33d603f4                StatusGet
                0x33d603a2                device_status
                0x33d603a4                endpoint0_status
                0x33d603e4                descEndpt1
                0x33d603ec                ConfigSet
 .bss           0x33d60400       0x5c modules/usb.module(usbinit.o)
                0x33d60428                downPt
                0x33d60420                downloadAddress
                0x33d60410                usbdevregs
                0x33d60434                totalDmaCount
                0x33d60404                download_run
                0x33d6043c                tempDownloadAddress
                0x33d6040c                restart
                0x33d6041c                gpioregs
                0x33d60458                consoleNum
                0x33d60414                dmaregs
                0x33d60438                isUsbdSetConfiguration
                0x33d60408                err
                0x33d60430                checkSum
                0x33d6042c                downloadFileSize
                0x33d60424                run
                0x33d60454                dwUSBBufSize
                0x33d60444                dwUSBBufWritePtr
                0x33d60418                clk_powerregs
                0x33d60448                dwWillDMACnt
                0x33d60440                dwUSBBufReadPtr
                0x33d60450                dwUSBBufBase
                0x33d6044c                bDMAPending
                0x33d60400                menuUsed
 .bss           0x33d6045c       0x24 modules/usb.module(usbin.o)
                0x33d6045c                transferIndex
                0x33d60460                ep1Buf
 .bss           0x33d60480      0x204 modules/wince.module(ebootloader.o)
                0x33d60484                toc
                0x33d60480                JumpAddr
 .bss           0x33d60684        0x4 modules/wince.module(extract_wince_image.o)
                0x33d60684                g_dwCntReadFrmUSB
 .bss           0x33d60688      0x200 common/libcommon.a(main.o)
                0x33d60688                console_buffer
 .bss           0x33d60888       0x40 common/libcommon.a(cmd_bootm.o)
                0x33d60888                header
 .bss           0x33d608c8      0x2ac common/libcommon.a(cmd_jffs2.o)
                0x33d608c8                mtdids
                0x33d608d0                devices
 .bss           0x33d60b74       0x88 common/libcommon.a(cmd_load.o)
                0x33d60b98                his_eol
                0x33d60ba4                os_data_init
                0x33d60b74                os_data_count
                0x33d60ba0                his_pad_char
                0x33d60bc0                send_ptr
                0x33d60ba1                his_quote
                0x33d60bac                send_parms
                0x33d60ba8                os_data_char
                0x33d60b9c                his_pad_count
                0x33d60b78                os_data_header
 .bss           0x33d60bfc       0x14 common/libcommon.a(cmd_mem.o)
                0x33d60c00                dp_last_size
                0x33d60c08                mm_last_size
                0x33d60c04                mm_last_addr
                0x33d60bfc                dp_last_addr
 .bss           0x33d60c10        0x4 common/libcommon.a(cmd_usbslave.o)
                0x33d60c10                g_dwDownloadLen
 .bss           0x33d60c14        0x8 common/libcommon.a(console.o)
 .bss           0x33d60c1c       0x10 common/libcommon.a(devices.o)
                0x33d60c1c                stdio_devices
                0x33d60c28                devlist
 .bss           0x33d60c2c       0x3c common/libcommon.a(dlmalloc.o)
 .bss           0x33d60c68        0x4 common/libcommon.a(env_nand.o)
                0x33d60c68                env_ptr
 .bss           0x33d60c6c      0x43c common/libcommon.a(xyzModem.o)
 .bss           0x33d610a8        0x4 lib_generic/libgeneric.a(string.o)
                0x33d610a8                ___strtok
 .bss           0x33d610ac      0x400 lib_generic/libgeneric.a(vsprintf.o)
 .bss           0x33d614ac     0x10a8 lib_generic/libgeneric.a(zlib.o)
 .bss           0x33d62554       0x6c board/EmbedSky/libEmbedSky.a(flash.o)
                0x33d62554                flash_info
 .bss           0x33d625c0        0x4 cpu/arm920t/s3c24x0/libs3c24x0.a(serial.o)
                0x33d625c0                getc_errno
 .bss           0x33d625c4        0x4 lib_arm/libarm.a(armlinux.o)
 .bss           0x33d625c8       0x4c fs/cramfs/libcramfs.a(cramfs.o)
                0x33d625c8                super
 .bss           0x33d62614       0x34 fs/cramfs/libcramfs.a(uncompress.o)
 .bss           0x33d62648        0x8 fs/jffs2/libjffs2.a(jffs2_1pass.o)
 .bss           0x33d62650      0x908 drivers/nand/libnand.a(nand_util.o)

.rel.dyn
                0x33d62f58                _end = .
Address of section .text set to 0x33d00000
LOAD cpu/arm920t/start.o
START GROUP
LOAD lib_generic/libgeneric.a
LOAD board/EmbedSky/libEmbedSky.a
LOAD cpu/arm920t/libarm920t.a
LOAD cpu/arm920t/s3c24x0/libs3c24x0.a
LOAD lib_arm/libarm.a
LOAD fs/cramfs/libcramfs.a
LOAD fs/jffs2/libjffs2.a
LOAD net/libnet.a
LOAD rtc/librtc.a
LOAD drivers/libdrivers.a
LOAD drivers/nand/libnand.a
LOAD drivers/nand_legacy/libnand_legacy.a
LOAD drivers/lcd/liblcd.a
LOAD modules/usb.module
LOAD modules/wince.module
LOAD common/libcommon.a
END GROUP
LOAD /opt/EmbedSky/crosstools_3.4.5_softfloat/gcc-3.4.5-glibc-2.3.6/arm-linux/lib/gcc/arm-linux/3.4.5/libgcc.a
OUTPUT(u-boot elf32-littlearm)

.debug_line     0x00000000     0xa528
 .debug_line    0x00000000       0xcd cpu/arm920t/start.o
 .debug_line    0x000000cd      0x146 board/EmbedSky/boot_init.o
 .debug_line    0x00000213       0x46 board/EmbedSky/lowlevel_init.o
 .debug_line    0x00000259       0xb3 cpu/arm920t/libarm920t.a(interrupts.o)
 .debug_line    0x0000030c      0x19c cpu/arm920t/s3c24x0/libs3c24x0.a(interrupts.o)
 .debug_line    0x000004a8      0x159 cpu/arm920t/s3c24x0/libs3c24x0.a(speed.o)
 .debug_line    0x00000601       0x5c lib_arm/libarm.a(_udivsi3.o)
 .debug_line    0x0000065d      0x1bb lib_arm/libarm.a(board.o)
 .debug_line    0x00000818      0x161 lib_arm/libarm.a(boot_zImage.o)
 .debug_line    0x00000979       0x33 lib_arm/libarm.a(div0.o)
 .debug_line    0x000009ac      0x6da net/libnet.a(net.o)
 .debug_line    0x00001086      0x27c net/libnet.a(tftp.o)
 .debug_line    0x00001302      0x294 net/libnet.a(bootp.o)
 .debug_line    0x00001596       0xd5 net/libnet.a(rarp.o)
 .debug_line    0x0000166b       0x9b net/libnet.a(eth.o)
 .debug_line    0x00001706      0x200 drivers/libdrivers.a(dm9000x.o)
 .debug_line    0x00001906      0x13b drivers/nand/libnand.a(nand.o)
 .debug_line    0x00001a41      0x815 drivers/nand/libnand.a(nand_base.o)
 .debug_line    0x00002256       0x5f drivers/nand/libnand.a(nand_ids.o)
 .debug_line    0x000022b5      0x191 drivers/nand/libnand.a(nand_ecc.o)
 .debug_line    0x00002446      0x44e drivers/nand/libnand.a(nand_bbt.o)
 .debug_line    0x00002894      0x2bd drivers/lcd/liblcd.a(embedsky_lcd.o)
 .debug_line    0x00002b51       0x99 modules/usb.module(usbmain.o)
 .debug_line    0x00002bea       0xf2 modules/usb.module(usbout.o)
 .debug_line    0x00002cdc      0x1f1 modules/usb.module(usbsetup.o)
 .debug_line    0x00002ecd      0x224 modules/usb.module(usbinit.o)
 .debug_line    0x000030f1       0x7d modules/usb.module(usbin.o)
 .debug_line    0x0000316e       0xea modules/usb.module(usblib.o)
 .debug_line    0x00003258      0x2a6 modules/wince.module(wince_cmds.o)
 .debug_line    0x000034fe      0x27d modules/wince.module(ebootloader.o)
 .debug_line    0x0000377b      0x1a4 modules/wince.module(extract_wince_image.o)
 .debug_line    0x0000391f      0x1d8 common/libcommon.a(main.o)
 .debug_line    0x00003af7      0x1c2 common/libcommon.a(cmd_autoscript.o)
 .debug_line    0x00003cb9       0xf8 common/libcommon.a(cmd_bdinfo.o)
 .debug_line    0x00003db1       0xb5 common/libcommon.a(cmd_boot.o)
 .debug_line    0x00003e66      0x433 common/libcommon.a(cmd_bootm.o)
 .debug_line    0x00004299       0x9c common/libcommon.a(cmd_cache.o)
 .debug_line    0x00004335       0x97 common/libcommon.a(cmd_console.o)
 .debug_line    0x000043cc      0x139 common/libcommon.a(cmd_date.o)
 .debug_line    0x00004505      0x181 common/libcommon.a(cmd_elf.o)
 .debug_line    0x00004686      0x2cb common/libcommon.a(cmd_flash.o)
 .debug_line    0x00004951       0xfa common/libcommon.a(cmd_itest.o)
 .debug_line    0x00004a4b      0x904 common/libcommon.a(cmd_jffs2.o)
 .debug_line    0x0000534f      0x3b7 common/libcommon.a(cmd_load.o)
 .debug_line    0x00005706      0x27e common/libcommon.a(cmd_mem.o)
 .debug_line    0x00005984       0xae common/libcommon.a(cmd_misc.o)
 .debug_line    0x00005a32      0x3f5 common/libcommon.a(cmd_nand.o)
 .debug_line    0x00005e27      0x118 common/libcommon.a(cmd_net.o)
 .debug_line    0x00005f3f      0x26f common/libcommon.a(cmd_nvedit.o)
 .debug_line    0x000061ae      0x130 common/libcommon.a(cmd_usbslave.o)
 .debug_line    0x000062de      0x1b9 common/libcommon.a(cmd_menu.o)
 .debug_line    0x00006497      0x101 common/libcommon.a(command.o)
 .debug_line    0x00006598      0x240 common/libcommon.a(console.o)
 .debug_line    0x000067d8      0x11d common/libcommon.a(devices.o)
 .debug_line    0x000068f5      0x373 common/libcommon.a(dlmalloc.o)
 .debug_line    0x00006c68      0x11c common/libcommon.a(env_common.o)
 .debug_line    0x00006d84      0x1e6 common/libcommon.a(env_nand.o)
 .debug_line    0x00006f6a       0xbb common/libcommon.a(exports.o)
 .debug_line    0x00007025      0x125 common/libcommon.a(flash.o)
 .debug_line    0x0000714a       0xf5 common/libcommon.a(lists.o)
 .debug_line    0x0000723f       0xf7 common/libcommon.a(s_record.o)
 .debug_line    0x00007336      0x218 common/libcommon.a(xyzModem.o)
 .debug_line    0x0000754e       0xa3 common/libcommon.a(crc16.o)
 .debug_line    0x000075f1       0x88 lib_generic/libgeneric.a(crc32.o)
 .debug_line    0x00007679       0x25 lib_generic/libgeneric.a(ctype.o)
 .debug_line    0x0000769e       0x8f lib_generic/libgeneric.a(display_options.o)
 .debug_line    0x0000772d      0x19a lib_generic/libgeneric.a(string.o)
 .debug_line    0x000078c7      0x1fa lib_generic/libgeneric.a(vsprintf.o)
 .debug_line    0x00007ac1      0x5c3 lib_generic/libgeneric.a(zlib.o)
 .debug_line    0x00008084      0x11d board/EmbedSky/libEmbedSky.a(EmbedSky.o)
 .debug_line    0x000081a1      0x1ee board/EmbedSky/libEmbedSky.a(flash.o)
 .debug_line    0x0000838f      0x121 cpu/arm920t/libarm920t.a(cpu.o)
 .debug_line    0x000084b0      0x163 cpu/arm920t/s3c24x0/libs3c24x0.a(serial.o)
 .debug_line    0x00008613      0x1c2 cpu/arm920t/s3c24x0/libs3c24x0.a(nand_flash.o)
 .debug_line    0x000087d5       0x3d lib_arm/libarm.a(_ashldi3.o)
 .debug_line    0x00008812       0x3d lib_arm/libarm.a(_ashrdi3.o)
 .debug_line    0x0000884f       0x63 lib_arm/libarm.a(_divsi3.o)
 .debug_line    0x000088b2       0x51 lib_arm/libarm.a(_modsi3.o)
 .debug_line    0x00008903       0x63 lib_arm/libarm.a(_umodsi3.o)
 .debug_line    0x00008966      0x1fe lib_arm/libarm.a(armlinux.o)
 .debug_line    0x00008b64       0x34 lib_arm/libarm.a(cache.o)
 .debug_line    0x00008b98      0x228 fs/cramfs/libcramfs.a(cramfs.o)
 .debug_line    0x00008dc0       0x92 fs/cramfs/libcramfs.a(uncompress.o)
 .debug_line    0x00008e52      0x69e fs/jffs2/libjffs2.a(jffs2_1pass.o)
 .debug_line    0x000094f0       0x8d fs/jffs2/libjffs2.a(compr_rtime.o)
 .debug_line    0x0000957d       0xb8 fs/jffs2/libjffs2.a(compr_rubin.o)
 .debug_line    0x00009635       0x6c fs/jffs2/libjffs2.a(compr_zlib.o)
 .debug_line    0x000096a1      0x3b1 fs/jffs2/libjffs2.a(mini_inflate.o)
 .debug_line    0x00009a52       0xb4 rtc/librtc.a(date.o)
 .debug_line    0x00009b06      0x125 rtc/librtc.a(s3c24x0_rtc.o)
 .debug_line    0x00009c2b      0x383 drivers/nand/libnand.a(nand_util.o)
 .debug_line    0x00009fae      0x1ef /opt/EmbedSky/crosstools_3.4.5_softfloat/gcc-3.4.5-glibc-2.3.6/arm-linux/lib/gcc/arm-linux/3.4.5/libgcc.a(_addsubdf3.oS)
 .debug_line    0x0000a19d      0x287 /opt/EmbedSky/crosstools_3.4.5_softfloat/gcc-3.4.5-glibc-2.3.6/arm-linux/lib/gcc/arm-linux/3.4.5/libgcc.a(_muldivdf3.oS)
 .debug_line    0x0000a424       0xd0 /opt/EmbedSky/crosstools_3.4.5_softfloat/gcc-3.4.5-glibc-2.3.6/arm-linux/lib/gcc/arm-linux/3.4.5/libgcc.a(_fixdfsi.oS)
 .debug_line    0x0000a4f4       0x1a /opt/EmbedSky/crosstools_3.4.5_softfloat/gcc-3.4.5-glibc-2.3.6/arm-linux/lib/gcc/arm-linux/3.4.5/libgcc.a(_udivdi3.oS)
 .debug_line    0x0000a50e       0x1a /opt/EmbedSky/crosstools_3.4.5_softfloat/gcc-3.4.5-glibc-2.3.6/arm-linux/lib/gcc/arm-linux/3.4.5/libgcc.a(_clz.oS)

.debug_info     0x00000000    0x2a766
 .debug_info    0x00000000       0x55 cpu/arm920t/start.o
 .debug_info    0x00000055      0x81e board/EmbedSky/boot_init.o
 .debug_info    0x00000873       0x60 board/EmbedSky/lowlevel_init.o
 .debug_info    0x000008d3      0x273 cpu/arm920t/libarm920t.a(interrupts.o)
 .debug_info    0x00000b46      0x9c1 cpu/arm920t/s3c24x0/libs3c24x0.a(interrupts.o)
 .debug_info    0x00001507      0x3ec cpu/arm920t/s3c24x0/libs3c24x0.a(speed.o)
 .debug_info    0x000018f3       0x54 lib_arm/libarm.a(_udivsi3.o)
 .debug_info    0x00001947      0x4ea lib_arm/libarm.a(board.o)
 .debug_info    0x00001e31      0x741 lib_arm/libarm.a(boot_zImage.o)
 .debug_info    0x00002572       0x44 lib_arm/libarm.a(div0.o)
 .debug_info    0x000025b6     0x16c6 net/libnet.a(net.o)
 .debug_info    0x00003c7c      0x447 net/libnet.a(tftp.o)
 .debug_info    0x000040c3      0x8c2 net/libnet.a(bootp.o)
 .debug_info    0x00004985      0x245 net/libnet.a(rarp.o)
 .debug_info    0x00004bca      0x17d net/libnet.a(eth.o)
 .debug_info    0x00004d47      0x6ad drivers/libdrivers.a(dm9000x.o)
 .debug_info    0x000053f4      0xc61 drivers/nand/libnand.a(nand.o)
 .debug_info    0x00006055     0x2346 drivers/nand/libnand.a(nand_base.o)
 .debug_info    0x0000839b      0x156 drivers/nand/libnand.a(nand_ids.o)
 .debug_info    0x000084f1      0x7e4 drivers/nand/libnand.a(nand_ecc.o)
 .debug_info    0x00008cd5     0x1794 drivers/nand/libnand.a(nand_bbt.o)
 .debug_info    0x0000a469      0xe00 drivers/lcd/liblcd.a(embedsky_lcd.o)
 .debug_info    0x0000b269      0x611 modules/usb.module(usbmain.o)
 .debug_info    0x0000b87a      0x769 modules/usb.module(usbout.o)
 .debug_info    0x0000bfe3      0xb09 modules/usb.module(usbsetup.o)
 .debug_info    0x0000caec      0xe64 modules/usb.module(usbinit.o)
 .debug_info    0x0000d950      0x589 modules/usb.module(usbin.o)
 .debug_info    0x0000ded9      0x882 modules/usb.module(usblib.o)
 .debug_info    0x0000e75b      0xbec modules/wince.module(wince_cmds.o)
 .debug_info    0x0000f347     0x1244 modules/wince.module(ebootloader.o)
 .debug_info    0x0001058b      0x7fb modules/wince.module(extract_wince_image.o)
 .debug_info    0x00010d86      0x6d2 common/libcommon.a(main.o)
 .debug_info    0x00011458      0x3fc common/libcommon.a(cmd_autoscript.o)
 .debug_info    0x00011854      0x368 common/libcommon.a(cmd_bdinfo.o)
 .debug_info    0x00011bbc      0x1c8 common/libcommon.a(cmd_boot.o)
 .debug_info    0x00011d84     0x1180 common/libcommon.a(cmd_bootm.o)
 .debug_info    0x00012f04      0x218 common/libcommon.a(cmd_cache.o)
 .debug_info    0x0001311c      0x37d common/libcommon.a(cmd_console.o)
 .debug_info    0x00013499      0x4fb common/libcommon.a(cmd_date.o)
 .debug_info    0x00013994      0x506 common/libcommon.a(cmd_elf.o)
 .debug_info    0x00013e9a      0x9bb common/libcommon.a(cmd_flash.o)
 .debug_info    0x00014855      0x42a common/libcommon.a(cmd_itest.o)
 .debug_info    0x00014c7f     0x201d common/libcommon.a(cmd_jffs2.o)
 .debug_info    0x00016c9c      0xe3d common/libcommon.a(cmd_load.o)
 .debug_info    0x00017ad9      0xa16 common/libcommon.a(cmd_mem.o)
 .debug_info    0x000184ef      0x1aa common/libcommon.a(cmd_misc.o)
 .debug_info    0x00018699     0x1861 common/libcommon.a(cmd_nand.o)
 .debug_info    0x00019efa      0x4d1 common/libcommon.a(cmd_net.o)
 .debug_info    0x0001a3cb      0x827 common/libcommon.a(cmd_nvedit.o)
 .debug_info    0x0001abf2      0x24b common/libcommon.a(cmd_usbslave.o)
 .debug_info    0x0001ae3d      0x4aa common/libcommon.a(cmd_menu.o)
 .debug_info    0x0001b2e7      0x3f4 common/libcommon.a(command.o)
 .debug_info    0x0001b6db      0x855 common/libcommon.a(console.o)
 .debug_info    0x0001bf30      0x485 common/libcommon.a(devices.o)
 .debug_info    0x0001c3b5      0xb59 common/libcommon.a(dlmalloc.o)
 .debug_info    0x0001cf0e      0x378 common/libcommon.a(env_common.o)
 .debug_info    0x0001d286      0xa33 common/libcommon.a(env_nand.o)
 .debug_info    0x0001dcb9      0x255 common/libcommon.a(exports.o)
 .debug_info    0x0001df0e      0x2f4 common/libcommon.a(flash.o)
 .debug_info    0x0001e202      0x4df common/libcommon.a(lists.o)
 .debug_info    0x0001e6e1      0x17a common/libcommon.a(s_record.o)
 .debug_info    0x0001e85b      0x625 common/libcommon.a(xyzModem.o)
 .debug_info    0x0001ee80      0x10f common/libcommon.a(crc16.o)
 .debug_info    0x0001ef8f      0x16d lib_generic/libgeneric.a(crc32.o)
 .debug_info    0x0001f0fc       0x56 lib_generic/libgeneric.a(ctype.o)
 .debug_info    0x0001f152      0x120 lib_generic/libgeneric.a(display_options.o)
 .debug_info    0x0001f272      0x828 lib_generic/libgeneric.a(string.o)
 .debug_info    0x0001fa9a      0x477 lib_generic/libgeneric.a(vsprintf.o)
 .debug_info    0x0001ff11     0x16ca lib_generic/libgeneric.a(zlib.o)
 .debug_info    0x000215db      0x5c2 board/EmbedSky/libEmbedSky.a(EmbedSky.o)
 .debug_info    0x00021b9d      0x3e4 board/EmbedSky/libEmbedSky.a(flash.o)
 .debug_info    0x00021f81      0x4b5 cpu/arm920t/libarm920t.a(cpu.o)
 .debug_info    0x00022436      0x555 cpu/arm920t/s3c24x0/libs3c24x0.a(serial.o)
 .debug_info    0x0002298b     0x10b1 cpu/arm920t/s3c24x0/libs3c24x0.a(nand_flash.o)
 .debug_info    0x00023a3c       0x54 lib_arm/libarm.a(_ashldi3.o)
 .debug_info    0x00023a90       0x54 lib_arm/libarm.a(_ashrdi3.o)
 .debug_info    0x00023ae4       0x53 lib_arm/libarm.a(_divsi3.o)
 .debug_info    0x00023b37       0x53 lib_arm/libarm.a(_modsi3.o)
 .debug_info    0x00023b8a       0x54 lib_arm/libarm.a(_umodsi3.o)
 .debug_info    0x00023bde      0xa94 lib_arm/libarm.a(armlinux.o)
 .debug_info    0x00024672       0xa8 lib_arm/libarm.a(cache.o)
 .debug_info    0x0002471a      0x770 fs/cramfs/libcramfs.a(cramfs.o)
 .debug_info    0x00024e8a      0x35c fs/cramfs/libcramfs.a(uncompress.o)
 .debug_info    0x000251e6     0x260f fs/jffs2/libjffs2.a(jffs2_1pass.o)
 .debug_info    0x000277f5      0x139 fs/jffs2/libjffs2.a(compr_rtime.o)
 .debug_info    0x0002792e      0x1e8 fs/jffs2/libjffs2.a(compr_rubin.o)
 .debug_info    0x00027b16       0xd7 fs/jffs2/libjffs2.a(compr_zlib.o)
 .debug_info    0x00027bed      0xc25 fs/jffs2/libjffs2.a(mini_inflate.o)
 .debug_info    0x00028812      0x253 rtc/librtc.a(date.o)
 .debug_info    0x00028a65      0x6ac rtc/librtc.a(s3c24x0_rtc.o)
 .debug_info    0x00029111     0x13af drivers/nand/libnand.a(nand_util.o)
 .debug_info    0x0002a4c0       0xe2 /opt/EmbedSky/crosstools_3.4.5_softfloat/gcc-3.4.5-glibc-2.3.6/arm-linux/lib/gcc/arm-linux/3.4.5/libgcc.a(_addsubdf3.oS)
 .debug_info    0x0002a5a2       0xe2 /opt/EmbedSky/crosstools_3.4.5_softfloat/gcc-3.4.5-glibc-2.3.6/arm-linux/lib/gcc/arm-linux/3.4.5/libgcc.a(_muldivdf3.oS)
 .debug_info    0x0002a684       0xe2 /opt/EmbedSky/crosstools_3.4.5_softfloat/gcc-3.4.5-glibc-2.3.6/arm-linux/lib/gcc/arm-linux/3.4.5/libgcc.a(_fixdfsi.oS)

.debug_abbrev   0x00000000     0x85b3
 .debug_abbrev  0x00000000       0x14 cpu/arm920t/start.o
 .debug_abbrev  0x00000014      0x274 board/EmbedSky/boot_init.o
 .debug_abbrev  0x00000288       0x14 board/EmbedSky/lowlevel_init.o
 .debug_abbrev  0x0000029c       0xf1 cpu/arm920t/libarm920t.a(interrupts.o)
 .debug_abbrev  0x0000038d      0x250 cpu/arm920t/s3c24x0/libs3c24x0.a(interrupts.o)
 .debug_abbrev  0x000005dd      0x147 cpu/arm920t/s3c24x0/libs3c24x0.a(speed.o)
 .debug_abbrev  0x00000724       0x14 lib_arm/libarm.a(_udivsi3.o)
 .debug_abbrev  0x00000738      0x202 lib_arm/libarm.a(board.o)
 .debug_abbrev  0x0000093a      0x25b lib_arm/libarm.a(boot_zImage.o)
 .debug_abbrev  0x00000b95       0x3a lib_arm/libarm.a(div0.o)
 .debug_abbrev  0x00000bcf      0x2fc net/libnet.a(net.o)
 .debug_abbrev  0x00000ecb      0x19e net/libnet.a(tftp.o)
 .debug_abbrev  0x00001069      0x261 net/libnet.a(bootp.o)
 .debug_abbrev  0x000012ca      0x108 net/libnet.a(rarp.o)
 .debug_abbrev  0x000013d2       0xac net/libnet.a(eth.o)
 .debug_abbrev  0x0000147e      0x21d drivers/libdrivers.a(dm9000x.o)
 .debug_abbrev  0x0000169b      0x18a drivers/nand/libnand.a(nand.o)
 .debug_abbrev  0x00001825      0x32a drivers/nand/libnand.a(nand_base.o)
 .debug_abbrev  0x00001b4f       0x83 drivers/nand/libnand.a(nand_ids.o)
 .debug_abbrev  0x00001bd2      0x171 drivers/nand/libnand.a(nand_ecc.o)
 .debug_abbrev  0x00001d43      0x2b1 drivers/nand/libnand.a(nand_bbt.o)
 .debug_abbrev  0x00001ff4      0x27c drivers/lcd/liblcd.a(embedsky_lcd.o)
 .debug_abbrev  0x00002270      0x159 modules/usb.module(usbmain.o)
 .debug_abbrev  0x000023c9      0x167 modules/usb.module(usbout.o)
 .debug_abbrev  0x00002530      0x17e modules/usb.module(usbsetup.o)
 .debug_abbrev  0x000026ae      0x1e6 modules/usb.module(usbinit.o)
 .debug_abbrev  0x00002894      0x13a modules/usb.module(usbin.o)
 .debug_abbrev  0x000029ce      0x140 modules/usb.module(usblib.o)
 .debug_abbrev  0x00002b0e      0x239 modules/wince.module(wince_cmds.o)
 .debug_abbrev  0x00002d47      0x24b modules/wince.module(ebootloader.o)
 .debug_abbrev  0x00002f92      0x21a modules/wince.module(extract_wince_image.o)
 .debug_abbrev  0x000031ac      0x259 common/libcommon.a(main.o)
 .debug_abbrev  0x00003405      0x141 common/libcommon.a(cmd_autoscript.o)
 .debug_abbrev  0x00003546      0x119 common/libcommon.a(cmd_bdinfo.o)
 .debug_abbrev  0x0000365f       0xd6 common/libcommon.a(cmd_boot.o)
 .debug_abbrev  0x00003735      0x29f common/libcommon.a(cmd_bootm.o)
 .debug_abbrev  0x000039d4       0xe5 common/libcommon.a(cmd_cache.o)
 .debug_abbrev  0x00003ab9      0x134 common/libcommon.a(cmd_console.o)
 .debug_abbrev  0x00003bed      0x15a common/libcommon.a(cmd_date.o)
 .debug_abbrev  0x00003d47      0x178 common/libcommon.a(cmd_elf.o)
 .debug_abbrev  0x00003ebf      0x1b8 common/libcommon.a(cmd_flash.o)
 .debug_abbrev  0x00004077      0x17f common/libcommon.a(cmd_itest.o)
 .debug_abbrev  0x000041f6      0x342 common/libcommon.a(cmd_jffs2.o)
 .debug_abbrev  0x00004538      0x30a common/libcommon.a(cmd_load.o)
 .debug_abbrev  0x00004842      0x1c0 common/libcommon.a(cmd_mem.o)
 .debug_abbrev  0x00004a02       0xc7 common/libcommon.a(cmd_misc.o)
 .debug_abbrev  0x00004ac9      0x2d3 common/libcommon.a(cmd_nand.o)
 .debug_abbrev  0x00004d9c      0x17b common/libcommon.a(cmd_net.o)
 .debug_abbrev  0x00004f17      0x22e common/libcommon.a(cmd_nvedit.o)
 .debug_abbrev  0x00005145       0xfe common/libcommon.a(cmd_usbslave.o)
 .debug_abbrev  0x00005243      0x1a1 common/libcommon.a(cmd_menu.o)
 .debug_abbrev  0x000053e4      0x18b common/libcommon.a(command.o)
 .debug_abbrev  0x0000556f      0x23a common/libcommon.a(console.o)
 .debug_abbrev  0x000057a9      0x15b common/libcommon.a(devices.o)
 .debug_abbrev  0x00005904      0x1d6 common/libcommon.a(dlmalloc.o)
 .debug_abbrev  0x00005ada      0x149 common/libcommon.a(env_common.o)
 .debug_abbrev  0x00005c23      0x22a common/libcommon.a(env_nand.o)
 .debug_abbrev  0x00005e4d       0xf3 common/libcommon.a(exports.o)
 .debug_abbrev  0x00005f40      0x116 common/libcommon.a(flash.o)
 .debug_abbrev  0x00006056      0x18e common/libcommon.a(lists.o)
 .debug_abbrev  0x000061e4       0xac common/libcommon.a(s_record.o)
 .debug_abbrev  0x00006290      0x214 common/libcommon.a(xyzModem.o)
 .debug_abbrev  0x000064a4       0x9f common/libcommon.a(crc16.o)
 .debug_abbrev  0x00006543       0x90 lib_generic/libgeneric.a(crc32.o)
 .debug_abbrev  0x000065d3       0x42 lib_generic/libgeneric.a(ctype.o)
 .debug_abbrev  0x00006615       0xc3 lib_generic/libgeneric.a(display_options.o)
 .debug_abbrev  0x000066d8      0x136 lib_generic/libgeneric.a(string.o)
 .debug_abbrev  0x0000680e      0x1c5 lib_generic/libgeneric.a(vsprintf.o)
 .debug_abbrev  0x000069d3      0x271 lib_generic/libgeneric.a(zlib.o)
 .debug_abbrev  0x00006c44      0x13b board/EmbedSky/libEmbedSky.a(EmbedSky.o)
 .debug_abbrev  0x00006d7f      0x18e board/EmbedSky/libEmbedSky.a(flash.o)
 .debug_abbrev  0x00006f0d      0x164 cpu/arm920t/libarm920t.a(cpu.o)
 .debug_abbrev  0x00007071      0x19c cpu/arm920t/s3c24x0/libs3c24x0.a(serial.o)
 .debug_abbrev  0x0000720d      0x1ef cpu/arm920t/s3c24x0/libs3c24x0.a(nand_flash.o)
 .debug_abbrev  0x000073fc       0x14 lib_arm/libarm.a(_ashldi3.o)
 .debug_abbrev  0x00007410       0x14 lib_arm/libarm.a(_ashrdi3.o)
 .debug_abbrev  0x00007424       0x14 lib_arm/libarm.a(_divsi3.o)
 .debug_abbrev  0x00007438       0x14 lib_arm/libarm.a(_modsi3.o)
 .debug_abbrev  0x0000744c       0x14 lib_arm/libarm.a(_umodsi3.o)
 .debug_abbrev  0x00007460      0x1f7 lib_arm/libarm.a(armlinux.o)
 .debug_abbrev  0x00007657       0x4e lib_arm/libarm.a(cache.o)
 .debug_abbrev  0x000076a5      0x1ac fs/cramfs/libcramfs.a(cramfs.o)
 .debug_abbrev  0x00007851      0x150 fs/cramfs/libcramfs.a(uncompress.o)
 .debug_abbrev  0x000079a1      0x31a fs/jffs2/libjffs2.a(jffs2_1pass.o)
 .debug_abbrev  0x00007cbb       0x9d fs/jffs2/libjffs2.a(compr_rtime.o)
 .debug_abbrev  0x00007d58       0xc4 fs/jffs2/libjffs2.a(compr_rubin.o)
 .debug_abbrev  0x00007e1c       0x66 fs/jffs2/libjffs2.a(compr_zlib.o)
 .debug_abbrev  0x00007e82      0x253 fs/jffs2/libjffs2.a(mini_inflate.o)
 .debug_abbrev  0x000080d5       0xdc rtc/librtc.a(date.o)
 .debug_abbrev  0x000081b1      0x1c0 rtc/librtc.a(s3c24x0_rtc.o)
 .debug_abbrev  0x00008371      0x206 drivers/nand/libnand.a(nand_util.o)
 .debug_abbrev  0x00008577       0x14 /opt/EmbedSky/crosstools_3.4.5_softfloat/gcc-3.4.5-glibc-2.3.6/arm-linux/lib/gcc/arm-linux/3.4.5/libgcc.a(_addsubdf3.oS)
 .debug_abbrev  0x0000858b       0x14 /opt/EmbedSky/crosstools_3.4.5_softfloat/gcc-3.4.5-glibc-2.3.6/arm-linux/lib/gcc/arm-linux/3.4.5/libgcc.a(_muldivdf3.oS)
 .debug_abbrev  0x0000859f       0x14 /opt/EmbedSky/crosstools_3.4.5_softfloat/gcc-3.4.5-glibc-2.3.6/arm-linux/lib/gcc/arm-linux/3.4.5/libgcc.a(_fixdfsi.oS)

.debug_aranges  0x00000000      0xb80
 .debug_aranges
                0x00000000       0x20 cpu/arm920t/start.o
 .debug_aranges
                0x00000020       0x20 board/EmbedSky/boot_init.o
 .debug_aranges
                0x00000040       0x20 board/EmbedSky/lowlevel_init.o
 .debug_aranges
                0x00000060       0x20 cpu/arm920t/libarm920t.a(interrupts.o)
 .debug_aranges
                0x00000080       0x20 cpu/arm920t/s3c24x0/libs3c24x0.a(interrupts.o)
 .debug_aranges
                0x000000a0       0x20 cpu/arm920t/s3c24x0/libs3c24x0.a(speed.o)
 .debug_aranges
                0x000000c0       0x20 lib_arm/libarm.a(_udivsi3.o)
 .debug_aranges
                0x000000e0       0x20 lib_arm/libarm.a(board.o)
 .debug_aranges
                0x00000100       0x20 lib_arm/libarm.a(boot_zImage.o)
 .debug_aranges
                0x00000120       0x20 lib_arm/libarm.a(div0.o)
 .debug_aranges
                0x00000140       0x20 net/libnet.a(net.o)
 .debug_aranges
                0x00000160       0x20 net/libnet.a(tftp.o)
 .debug_aranges
                0x00000180       0x20 net/libnet.a(bootp.o)
 .debug_aranges
                0x000001a0       0x20 net/libnet.a(rarp.o)
 .debug_aranges
                0x000001c0       0x20 net/libnet.a(eth.o)
 .debug_aranges
                0x000001e0       0x20 drivers/libdrivers.a(dm9000x.o)
 .debug_aranges
                0x00000200       0x20 drivers/nand/libnand.a(nand.o)
 .debug_aranges
                0x00000220       0x20 drivers/nand/libnand.a(nand_base.o)
 .debug_aranges
                0x00000240       0x20 drivers/nand/libnand.a(nand_ecc.o)
 .debug_aranges
                0x00000260       0x20 drivers/nand/libnand.a(nand_bbt.o)
 .debug_aranges
                0x00000280       0x20 drivers/lcd/liblcd.a(embedsky_lcd.o)
 .debug_aranges
                0x000002a0       0x20 modules/usb.module(usbmain.o)
 .debug_aranges
                0x000002c0       0x20 modules/usb.module(usbout.o)
 .debug_aranges
                0x000002e0       0x20 modules/usb.module(usbsetup.o)
 .debug_aranges
                0x00000300       0x20 modules/usb.module(usbinit.o)
 .debug_aranges
                0x00000320       0x20 modules/usb.module(usbin.o)
 .debug_aranges
                0x00000340       0x20 modules/usb.module(usblib.o)
 .debug_aranges
                0x00000360       0x20 modules/wince.module(wince_cmds.o)
 .debug_aranges
                0x00000380       0x20 modules/wince.module(ebootloader.o)
 .debug_aranges
                0x000003a0       0x20 modules/wince.module(extract_wince_image.o)
 .debug_aranges
                0x000003c0       0x20 common/libcommon.a(main.o)
 .debug_aranges
                0x000003e0       0x20 common/libcommon.a(cmd_autoscript.o)
 .debug_aranges
                0x00000400       0x20 common/libcommon.a(cmd_bdinfo.o)
 .debug_aranges
                0x00000420       0x20 common/libcommon.a(cmd_boot.o)
 .debug_aranges
                0x00000440       0x20 common/libcommon.a(cmd_bootm.o)
 .debug_aranges
                0x00000460       0x20 common/libcommon.a(cmd_cache.o)
 .debug_aranges
                0x00000480       0x20 common/libcommon.a(cmd_console.o)
 .debug_aranges
                0x000004a0       0x20 common/libcommon.a(cmd_date.o)
 .debug_aranges
                0x000004c0       0x20 common/libcommon.a(cmd_elf.o)
 .debug_aranges
                0x000004e0       0x20 common/libcommon.a(cmd_flash.o)
 .debug_aranges
                0x00000500       0x20 common/libcommon.a(cmd_itest.o)
 .debug_aranges
                0x00000520       0x20 common/libcommon.a(cmd_jffs2.o)
 .debug_aranges
                0x00000540       0x20 common/libcommon.a(cmd_load.o)
 .debug_aranges
                0x00000560       0x20 common/libcommon.a(cmd_mem.o)
 .debug_aranges
                0x00000580       0x20 common/libcommon.a(cmd_misc.o)
 .debug_aranges
                0x000005a0       0x20 common/libcommon.a(cmd_nand.o)
 .debug_aranges
                0x000005c0       0x20 common/libcommon.a(cmd_net.o)
 .debug_aranges
                0x000005e0       0x20 common/libcommon.a(cmd_nvedit.o)
 .debug_aranges
                0x00000600       0x20 common/libcommon.a(cmd_usbslave.o)
 .debug_aranges
                0x00000620       0x20 common/libcommon.a(cmd_menu.o)
 .debug_aranges
                0x00000640       0x20 common/libcommon.a(command.o)
 .debug_aranges
                0x00000660       0x20 common/libcommon.a(console.o)
 .debug_aranges
                0x00000680       0x20 common/libcommon.a(devices.o)
 .debug_aranges
                0x000006a0       0x20 common/libcommon.a(dlmalloc.o)
 .debug_aranges
                0x000006c0       0x20 common/libcommon.a(env_common.o)
 .debug_aranges
                0x000006e0       0x20 common/libcommon.a(env_nand.o)
 .debug_aranges
                0x00000700       0x20 common/libcommon.a(exports.o)
 .debug_aranges
                0x00000720       0x20 common/libcommon.a(flash.o)
 .debug_aranges
                0x00000740       0x20 common/libcommon.a(lists.o)
 .debug_aranges
                0x00000760       0x20 common/libcommon.a(s_record.o)
 .debug_aranges
                0x00000780       0x20 common/libcommon.a(xyzModem.o)
 .debug_aranges
                0x000007a0       0x20 common/libcommon.a(crc16.o)
 .debug_aranges
                0x000007c0       0x20 lib_generic/libgeneric.a(crc32.o)
 .debug_aranges
                0x000007e0       0x20 lib_generic/libgeneric.a(display_options.o)
 .debug_aranges
                0x00000800       0x20 lib_generic/libgeneric.a(string.o)
 .debug_aranges
                0x00000820       0x20 lib_generic/libgeneric.a(vsprintf.o)
 .debug_aranges
                0x00000840       0x20 lib_generic/libgeneric.a(zlib.o)
 .debug_aranges
                0x00000860       0x20 board/EmbedSky/libEmbedSky.a(EmbedSky.o)
 .debug_aranges
                0x00000880       0x20 board/EmbedSky/libEmbedSky.a(flash.o)
 .debug_aranges
                0x000008a0       0x20 cpu/arm920t/libarm920t.a(cpu.o)
 .debug_aranges
                0x000008c0       0x20 cpu/arm920t/s3c24x0/libs3c24x0.a(serial.o)
 .debug_aranges
                0x000008e0       0x20 cpu/arm920t/s3c24x0/libs3c24x0.a(nand_flash.o)
 .debug_aranges
                0x00000900       0x20 lib_arm/libarm.a(_ashldi3.o)
 .debug_aranges
                0x00000920       0x20 lib_arm/libarm.a(_ashrdi3.o)
 .debug_aranges
                0x00000940       0x20 lib_arm/libarm.a(_divsi3.o)
 .debug_aranges
                0x00000960       0x20 lib_arm/libarm.a(_modsi3.o)
 .debug_aranges
                0x00000980       0x20 lib_arm/libarm.a(_umodsi3.o)
 .debug_aranges
                0x000009a0       0x20 lib_arm/libarm.a(armlinux.o)
 .debug_aranges
                0x000009c0       0x20 lib_arm/libarm.a(cache.o)
 .debug_aranges
                0x000009e0       0x20 fs/cramfs/libcramfs.a(cramfs.o)
 .debug_aranges
                0x00000a00       0x20 fs/cramfs/libcramfs.a(uncompress.o)
 .debug_aranges
                0x00000a20       0x20 fs/jffs2/libjffs2.a(jffs2_1pass.o)
 .debug_aranges
                0x00000a40       0x20 fs/jffs2/libjffs2.a(compr_rtime.o)
 .debug_aranges
                0x00000a60       0x20 fs/jffs2/libjffs2.a(compr_rubin.o)
 .debug_aranges
                0x00000a80       0x20 fs/jffs2/libjffs2.a(compr_zlib.o)
 .debug_aranges
                0x00000aa0       0x20 fs/jffs2/libjffs2.a(mini_inflate.o)
 .debug_aranges
                0x00000ac0       0x20 rtc/librtc.a(date.o)
 .debug_aranges
                0x00000ae0       0x20 rtc/librtc.a(s3c24x0_rtc.o)
 .debug_aranges
                0x00000b00       0x20 drivers/nand/libnand.a(nand_util.o)
 .debug_aranges
                0x00000b20       0x20 /opt/EmbedSky/crosstools_3.4.5_softfloat/gcc-3.4.5-glibc-2.3.6/arm-linux/lib/gcc/arm-linux/3.4.5/libgcc.a(_addsubdf3.oS)
 .debug_aranges
                0x00000b40       0x20 /opt/EmbedSky/crosstools_3.4.5_softfloat/gcc-3.4.5-glibc-2.3.6/arm-linux/lib/gcc/arm-linux/3.4.5/libgcc.a(_muldivdf3.oS)
 .debug_aranges
                0x00000b60       0x20 /opt/EmbedSky/crosstools_3.4.5_softfloat/gcc-3.4.5-glibc-2.3.6/arm-linux/lib/gcc/arm-linux/3.4.5/libgcc.a(_fixdfsi.oS)

.debug_frame    0x00000000     0x4194
 .debug_frame   0x00000000      0x15c board/EmbedSky/boot_init.o
 .debug_frame   0x0000015c      0x110 cpu/arm920t/libarm920t.a(interrupts.o)
 .debug_frame   0x0000026c      0x1cc cpu/arm920t/s3c24x0/libs3c24x0.a(interrupts.o)
 .debug_frame   0x00000438       0x7c cpu/arm920t/s3c24x0/libs3c24x0.a(speed.o)
 .debug_frame   0x000004b4       0x8c lib_arm/libarm.a(board.o)
 .debug_frame   0x00000540      0x100 lib_arm/libarm.a(boot_zImage.o)
 .debug_frame   0x00000640       0x20 lib_arm/libarm.a(div0.o)
 .debug_frame   0x00000660      0x2c0 net/libnet.a(net.o)
 .debug_frame   0x00000920       0x8c net/libnet.a(tftp.o)
 .debug_frame   0x000009ac       0x8c net/libnet.a(bootp.o)
 .debug_frame   0x00000a38       0x60 net/libnet.a(rarp.o)
 .debug_frame   0x00000a98       0x20 net/libnet.a(eth.o)
 .debug_frame   0x00000ab8       0xf4 drivers/libdrivers.a(dm9000x.o)
 .debug_frame   0x00000bac       0x28 drivers/nand/libnand.a(nand.o)
 .debug_frame   0x00000bd4      0x460 drivers/nand/libnand.a(nand_base.o)
 .debug_frame   0x00001034       0x54 drivers/nand/libnand.a(nand_ecc.o)
 .debug_frame   0x00001088      0x1a0 drivers/nand/libnand.a(nand_bbt.o)
 .debug_frame   0x00001228      0x1ac drivers/lcd/liblcd.a(embedsky_lcd.o)
 .debug_frame   0x000013d4       0x70 modules/usb.module(usbmain.o)
 .debug_frame   0x00001444       0x80 modules/usb.module(usbout.o)
 .debug_frame   0x000014c4       0x70 modules/usb.module(usbsetup.o)
 .debug_frame   0x00001534      0x128 modules/usb.module(usbinit.o)
 .debug_frame   0x0000165c       0x48 modules/usb.module(usbin.o)
 .debug_frame   0x000016a4       0xd0 modules/usb.module(usblib.o)
 .debug_frame   0x00001774       0xb4 modules/wince.module(wince_cmds.o)
 .debug_frame   0x00001828       0xe8 modules/wince.module(ebootloader.o)
 .debug_frame   0x00001910       0xbc modules/wince.module(extract_wince_image.o)
 .debug_frame   0x000019cc       0xb4 common/libcommon.a(main.o)
 .debug_frame   0x00001a80       0x4c common/libcommon.a(cmd_autoscript.o)
 .debug_frame   0x00001acc       0x3c common/libcommon.a(cmd_bdinfo.o)
 .debug_frame   0x00001b08       0x2c common/libcommon.a(cmd_boot.o)
 .debug_frame   0x00001b34       0xf8 common/libcommon.a(cmd_bootm.o)
 .debug_frame   0x00001c2c       0x58 common/libcommon.a(cmd_cache.o)
 .debug_frame   0x00001c84       0x30 common/libcommon.a(cmd_console.o)
 .debug_frame   0x00001cb4       0x64 common/libcommon.a(cmd_date.o)
 .debug_frame   0x00001d18       0x88 common/libcommon.a(cmd_elf.o)
 .debug_frame   0x00001da0      0x124 common/libcommon.a(cmd_flash.o)
 .debug_frame   0x00001ec4       0x74 common/libcommon.a(cmd_itest.o)
 .debug_frame   0x00001f38      0x2ac common/libcommon.a(cmd_jffs2.o)
 .debug_frame   0x000021e4      0x198 common/libcommon.a(cmd_load.o)
 .debug_frame   0x0000237c      0x184 common/libcommon.a(cmd_mem.o)
 .debug_frame   0x00002500       0x30 common/libcommon.a(cmd_misc.o)
 .debug_frame   0x00002530       0xac common/libcommon.a(cmd_nand.o)
 .debug_frame   0x000025dc       0x80 common/libcommon.a(cmd_net.o)